1
         METEOROLOGICAL PROCESSOR FOR REGULATORY MODELS [MPRM (dated 99349)]

                         DECEMBER 15, 1999     14:23:58

                STAGE-3 PROCESSING OF MERGED METEOROLOGICAL DATA 

                        ********************************
                        *** JOB TERMINATED NORMALLY  ***
                        ********************************



     1. FILENAMES AS DETERMINED DURING SETUP

        Y2K-336.RPT                                      OPENED   SUCCESSFULLY
        Y2K-336.ERR                                      OPENED   SUCCESSFULLY
        Y2K-234.MRG                                      OPENED   SUCCESSFULLY
        Y2K-336.MET                                      OPENED   SUCCESSFULLY


     2. DISPERSION MODEL DEFINED DURING SETUP:   ISCST   


     3. PROCESSING OPTIONS SELECTED DURING SETUP
        PROCESS        SCHEME

        WIND           ONSITE
        TEMPERATURE    ONSITE
        MIXING HEIGHTS NWSWXX
        STABILITY      SASITE


     4. STABILITY METHODS USED

           NWSWXX     0
           ONSITE     0
           SESITE     0
           SASITE   334
           WNDWXX     0
           TTDIFF     0
           USERIN     0


     5. PROCESSING ASSUMPTIONS 

        WIND SPEED/TURB. MEASUREMENT HEIGHT (M):   10.00
        STACK HEIGHT (M)                           10.00
        TEMPERATURE HEIGHT (M)                      2.00


     6. LOCATIONS SPECIFIED IN SETUP 

         DATA      SITE     LONGITUDE   LATITUDE
        PATHWAY     ID      (DEGREES)   (DEGREES)

          UA        13723     79.57W      36.05N
          SF        13722     78.47W      35.52N
          OS        99999     78.47W      35.52N

        *****************************************
        * LONGITUDE AND LATITUDE FOR PROCESSING *
        *          78.47      35.52             *
        *****************************************


     7. OUTPUT FILE NAMES.

        ERROR REPORT FILE:        Y2K-336.ERR                                     
        MET DATA FOR MODELING:    Y2K-336.MET                                     
        HEADER ON OUTPUT FILE:       13723         0     13722         0


     8. SUMMARY OF DATA PROCESSING RESULTS 

        VARIABLE            # VALID  # MISSING 

        STABILITY              334        2
        WIND SPEED             319        2           15 (Calms)
        WIND DIRECTION         334        2
        RURAL MIXING HEIGHT    334        2
        URBAN MIXING HEIGHT    334        2
        TEMPERATURE            336        0        11.65 (Average)


     9. DISTRIBUTION OF WIND SPEEDS

      WS CLASS    1       2       3       4       5       6
      # HOURS    100.     95.     51.     51.     21.      1.
      AVERAGE    1.40    2.33    4.26    6.63    9.38   11.30


     10. RURAL STABILITY CATEGORY RESULTS  (# HOURS)

             A       B       C      DD      DN      EF
            34      28      53      24     107      88


                      **** MPRM MESSAGE SUMMARY TABLE ****

         0- 9   10-19   20-29   30-39   40-49   50-59   60-69   70-79   TOTAL
       ----------------------------------------------------------------------

    JB
      E    0       0       0       0       0       0       0       0       0
      W    0       0       0       0       0       0       0       0       0
      I    3       0       0       0       0       0       0       0       3

    OS
      E    0       0       0       0       0       0       0       0       0
      W    0       2       0       0       0       0       0       0       2
      I    0       0       0       0       0       0       0       0       0

    MP
      E    0       0       0       0       0       0       0       0       0
      W    0       0       0       0       0       0       0       8       8
      I    1       1       0       0       0       0       0       1       3
      T    0       0       0       0       0       0       0       0       0
       ----------------------------------------------------------------------
           4       3       0       0       0       0       0       9      16

        ****   WARNING MESSAGES ****
         0 OS W15 AUTCHK: MHGT NOT INPUT: AUDIT & TRACE DISABLED                
         0 OS W15 AUTCHK: SE   NOT INPUT: AUDIT & TRACE DISABLED                
       359 MP W75 SFSTAB:  1 HOURS HAVE 0 FOR PG CATEGORY                       
       359 MP W72 ZI1NWS:  1 HOURS HAVE MISSING ZI VALUES                       
       359 MP W74  WS1OS:  1 HOURS HAVE MISSING WS VALUES                       
       359 MP W74  WS1OS:  1 HOURS HAVE MISSING WD VALUES                       
       364 MP W75 SFSTAB:  1 HOURS HAVE 0 FOR PG CATEGORY                       
       364 MP W72 ZI1NWS:  1 HOURS HAVE MISSING ZI VALUES                       
       364 MP W74  WS1OS:  1 HOURS HAVE MISSING WS VALUES                       
       364 MP W74  WS1OS:  1 HOURS HAVE MISSING WD VALUES                       

        ****    ERROR MESSAGES  ****

               ---  NONE  ---

