 aercoare

 Timestamp is 5194f755 (Thu May 16 08:12:21 2013)

 Preferred load address is 00400000

 Start         Length     Name                   Class
 0001:00000000 00063452H .text                   CODE
 0002:00000000 00000144H .idata$5                DATA
 0002:00000150 00006378H .rdata                  DATA
 0002:000064c8 00000028H .idata$2                DATA
 0002:000064f0 00000014H .idata$3                DATA
 0002:00006504 00000144H .idata$4                DATA
 0002:00006648 000005b6H .idata$6                DATA
 0002:00006bfe 00000000H .edata                  DATA
 0003:00000000 00000004H .CRT$XCA                DATA
 0003:00000004 00000000H .CRT$XCU                DATA
 0003:00000004 00000004H .CRT$XCZ                DATA
 0003:00000008 00000004H .CRT$XIA                DATA
 0003:0000000c 00000008H .CRT$XIC                DATA
 0003:00000014 00000004H .CRT$XIZ                DATA
 0003:00000018 00000004H .CRT$XPA                DATA
 0003:0000001c 0000000cH .CRT$XPX                DATA
 0003:00000028 00000004H .CRT$XPZ                DATA
 0003:0000002c 00000004H .CRT$XTA                DATA
 0003:00000030 00000004H .CRT$XTZ                DATA
 0003:00000040 000273e0H .data                   DATA
 0003:00027420 00001da8H .bss                    DATA

  Address         Publics by Value              Rva+Base     Lib:Object

 0001:00000000       _MAIN__                    00404000 f   aercoare.obj
 0001:00000266       _coare_                    00404266 f   aercoare.obj
 0001:00000a20       _missing_summary_          00404a20 f   aercoare.obj
 0001:00000bc1       _write_aermod_             00404bc1 f   aercoare.obj
 0001:000016c8       _process_met_              004056c8 f   aercoare.obj
 0001:00002052       _smthzi_                   00406052 f   aercoare.obj
 0001:0000232d       _getobs_                   0040632d f   aercoare.obj
 0001:000059b5       _bulk_flux_                004099b5 f   aercoare.obj
 0001:00007461       _asl_                      0040b461 f   aercoare.obj
 0001:00008f20       _delxtime_                 0040cf20 f   aercoare.obj
 0001:000092db       _humidity_                 0040d2db f   aercoare.obj
 0001:000093af       _psiu_                     0040d3af f   aercoare.obj
 0001:000096da       _psit_                     0040d6da f   aercoare.obj
 0001:000099a5       _gravity_                  0040d9a5 f   aercoare.obj
 0001:00009b51       _radflx_                   0040db51 f   aercoare.obj
 0001:00009eb1       _write_sfc_head_           0040deb1 f   aercoare.obj
 0001:0000a45b       _set_missing_              0040e45b f   aercoare.obj
 0001:0000a618       _get_control_              0040e618 f   aercoare.obj
 0001:0000cbe3       _get_variable_defs_        00410be3 f   aercoare.obj
 0001:0000d0d0       _lowercase_                004110d0 f   aercoare.obj
 0001:0000d3b5       __BLKDT__                  004113b5 f   aercoare.obj
 0001:0000d3c0       _jul2dat_                  004113c0 f   timesubs.obj
 0001:0000d6dd       _julian_                   004116dd f   timesubs.obj
 0001:0000d898       _legal_timestamp_          00411898 f   timesubs.obj
 0001:0000dbfd       _idate8_                   00411bfd f   timesubs.obj
 0001:0000dd8e       _idate10_                  00411d8e f   timesubs.obj
 0001:0000df20       _add_hour_                 00411f20 f   timesubs.obj
 0001:0000e043       _idaysinmth_               00412043 f   timesubs.obj
 0001:0000e16e       _mth_by_num_               0041216e f   timesubs.obj
 0001:0000e2a6       _iymdh2idate_              004122a6 f   timesubs.obj
 0001:0000e3ba       _idate2ymdh_               004123ba f   timesubs.obj
 0001:0000e500       _delhrs_                   00412500 f   timesubs.obj
 0001:0000e9a0       _f_lntrm                   004129a0 f   fj90f:jwe_fltm.obj
 0001:0000e9c0       _f_lntrmj                  004129c0 f   fj90f:jwe_fltm.obj
 0001:0000ea00       _f_min                     00412a00 f   fj90f:jwe_fmin.obj
 0001:0000ea20       _f_min0                    00412a20 f   fj90f:jwe_fmin.obj
 0001:0000ea40       _f_amin1                   00412a40 f   fj90f:jwe_fmin.obj
 0001:0000ea60       _f_dmin1                   00412a60 f   fj90f:jwe_fmin.obj
 0001:0000ea80       _f_amin0                   00412a80 f   fj90f:jwe_fmin.obj
 0001:0000eab0       _f_min1                    00412ab0 f   fj90f:jwe_fmin.obj
 0001:0000eae0       _f_datim                   00412ae0 f   fj90f:jwe_fdat.obj
 0001:0000f110       _f_dint                    00413110 f   fj90f:jwe_fdin.obj
 0001:0000f180       _f_dnint                   00413180 f   fj90f:jwe_fdni.obj
 0001:0000f290       _f_max                     00413290 f   fj90f:jwe_fmax.obj
 0001:0000f2b0       _f_max0                    004132b0 f   fj90f:jwe_fmax.obj
 0001:0000f2d0       _f_amax1                   004132d0 f   fj90f:jwe_fmax.obj
 0001:0000f2f0       _f_dmax1                   004132f0 f   fj90f:jwe_fmax.obj
 0001:0000f310       _f_amax0                   00413310 f   fj90f:jwe_fmax.obj
 0001:0000f340       _f_max1                    00413340 f   fj90f:jwe_fmax.obj
 0001:0000f370       _f_scmov                   00413370 f   fj90f:jwe_fcmv.obj
 0001:0000f3d0       _f_cmove                   004133d0 f   fj90f:jwe_fcmv.obj
 0001:0000f430       _g_dlog10                  00413430 f   fj90g:jwe_gdl1.obj
 0001:0000f550       _g_dsin                    00413550 f   fj90g:jwe_gdsn.obj
 0001:0000f650       _g_datan                   00413650 f   fj90g:jwe_gdat.obj
 0001:0000f660       _g_dlog                    00413660 f   fj90g:jwe_gdlg.obj
 0001:0000f790       _g_dsqrt                   00413790 f   fj90g:jwe_gdsq.obj
 0001:0000f8a0       _g_adxi                    004138a0 f   fj90g:jwe_gdxi.obj
 0001:0000faf0       _g_dexp                    00413af0 f   fj90g:jwe_gdex.obj
 0001:0000fc30       _jwe_gdex                  00413c30 f   fj90g:jwe_gdex.obj
 0001:0000fc50       _g_adxd                    00413c50 f   fj90g:jwe_gdxd.obj
 0001:00010130       _jwe_gpwd                  00414130 f   fj90g:jwe_gdxd.obj
 0001:00010390       _getarg_                   00414390 f   fj90i:jwe_sgta.obj
 0001:00010460       _iargc_                    00414460 f   fj90i:jwe_sagc.obj
 0001:000104d0       _jwe_iocf                  004144d0 f   fj90i:jwe_iocf.obj
 0001:00012ca0       _jwe_ifac                  00416ca0 f   fj90i:jwe_iocf.obj
 0001:00012eb0       _jwe_iinf                  00416eb0 f   fj90i:jwe_iinf.obj
 0001:00013950       _jwe_isfm                  00417950 f   fj90i:jwe_isfm.obj
 0001:000141e0       _jwe_ilst                  004181e0 f   fj90i:jwe_ilst.obj
 0001:000147a0       _jwe_xopt                  004187a0 f   fj90i:jwe_xopt.obj
 0001:00015760       _jwe_xcop                  00419760 f   fj90i:jwe_xopt.obj
 0001:000159c0       _jwe_xrcp                  004199c0 f   fj90i:jwe_xopt.obj
 0001:000159d0       _jwe_debg                  004199d0 f   fj90i:jwe_debg.obj
 0001:000164b0       _jwe_xstp                  0041a4b0 f   fj90i:jwe_xstp.obj
 0001:00016600       _jwe_xilc                  0041a600 f   fj90i:jwe_xilc.obj
 0001:00016640       _jwe_xint                  0041a640 f   fj90i:jwe_xint.obj
 0001:000166c0       _jwe_xarg                  0041a6c0 f   fj90i:jwe_xarg.obj
 0001:00016800       _jwe_isui                  0041a800 f   fj90i:jwe_isui.obj
 0001:00016930       _jwe_isu1                  0041a930 f   fj90i:jwe_isui.obj
 0001:000169e0       _jwe_icep                  0041a9e0 f   fj90i:jwe_icep.obj
 0001:00016aa0       _jwe_icui                  0041aaa0 f   fj90i:jwe_icui.obj
 0001:00016f10       _jwe_iist                  0041af10 f   fj90i:jwe_icui.obj
 0001:00016f60       _jwe_ifcf                  0041af60 f   fj90i:jwe_ifcf.obj
 0001:000170e0       _jwe_ifcc                  0041b0e0 f   fj90i:jwe_ifcc.obj
 0001:000171a0       _jwe_iflc                  0041b1a0 f   fj90i:jwe_iflc.obj
 0001:00017400       _jwe_iflo                  0041b400 f   fj90i:jwe_iflo.obj
 0001:00017490       _jwe_ienv                  0041b490 f   fj90i:jwe_ienv.obj
 0001:00017610       _jwe_isss                  0041b610 f   fj90i:jwe_isss.obj
 0001:00017620       _jwe_ifnc                  0041b620 f   fj90i:jwe_ifnc.obj
 0001:000178d0       _jwe_ifck                  0041b8d0 f   fj90i:jwe_ifck.obj
 0001:000179a0       _jwe_igfn                  0041b9a0 f   fj90i:jwe_igfn.obj
 0001:00017a50       _jwe_iftx                  0041ba50 f   fj90i:jwe_iftx.obj
 0001:00017bb0       _jwe_ifct                  0041bbb0 f   fj90i:jwe_ifct.obj
 0001:00019cd0       _jwe_isob                  0041dcd0 f   fj90i:jwe_isob.obj
 0001:00019e00       _jwe_ifmt                  0041de00 f   fj90i:jwe_ifmt.obj
 0001:0001b370       _jwe_inao                  0041f370 f   fj90i:jwe_inao.obj
 0001:0001c9d0       _jwe_inai                  004209d0 f   fj90i:jwe_inai.obj
 0001:0001de40       _jwe_inkw                  00421e40 f   fj90i:jwe_inai.obj
 0001:0001e5f0       _jwe_inch                  004225f0 f   fj90i:jwe_inai.obj
 0001:0001e660       _jwe_inc2                  00422660 f   fj90i:jwe_inai.obj
 0001:0001e6a0       _jwe_inhx                  004226a0 f   fj90i:jwe_inai.obj
 0001:0001e870       _jwe_inex                  00422870 f   fj90i:jwe_inai.obj
 0001:0001e8c0       _jwe_inhc                  004228c0 f   fj90i:jwe_inai.obj
 0001:0001f610       _jwe_ine1                  00423610 f   fj90i:jwe_inai.obj
 0001:0001f7f0       _jwe_ine2                  004237f0 f   fj90i:jwe_inai.obj
 0001:0001fa10       _jwe_ine3                  00423a10 f   fj90i:jwe_inai.obj
 0001:0001fb40       _jwe_in_g                  00423b40 f   fj90i:jwe_inai.obj
 0001:0001fd30       _jwe_insf                  00423d30 f   fj90i:jwe_inai.obj
 0001:0001fdb0       _jwe_inah                  00423db0 f   fj90i:jwe_inai.obj
 0001:0001fe10       _jwe_ilni                  00423e10 f   fj90i:jwe_ilni.obj
 0001:00021200       _jwe_igad                  00425200 f   fj90i:jwe_igad.obj
 0001:00021220       _jwe_ipid                  00425220 f   fj90i:jwe_ipid.obj
 0001:000212b0       _jwe_iipg                  004252b0 f   fj90i:jwe_iipg.obj
 0001:00021600       _jwe_iedo                  00425600 f   fj90i:jwe_iedo.obj
 0001:00024690       _jwe_iedi                  00428690 f   fj90i:jwe_iedi.obj
 0001:00027cc0       _jwe_iscf                  0042bcc0 f   fj90i:jwe_iscf.obj
 0001:00028880       _jwe_iadc                  0042c880 f   fj90i:jwe_iadc.obj
 0001:00028ae0       _jwe_idfm                  0042cae0 f   fj90i:jwe_idfm.obj
 0001:00028f10       _jwe_ildo                  0042cf10 f   fj90i:jwe_ildo.obj
 0001:0002a750       _jwe_illd                  0042e750 f   fj90i:jwe_ildo.obj
 0001:0002a880       _jwe_ildi                  0042e880 f   fj90i:jwe_ildi.obj
 0001:0002b520       _jwe_xsns                  0042f520 f   fj90i:jwe_xsns.obj
 0001:0002b5a8       _jwe_xscr                  0042f5a8 f   fj90i:jwe_xsns.obj
 0001:0002b63c       _jwe_xgsr                  0042f63c f   fj90i:jwe_xsns.obj
 0001:0002b6e0       _jwe_xexi                  0042f6e0 f   fj90i:jwe_xexi.obj
 0001:0002b740       _jwe_dsha                  0042f740 f   fj90i:jwe_dsha.obj
 0001:0002b970       _jwe_dren                  0042f970 f   fj90i:jwe_dren.obj
 0001:0002bad0       _jwe_dpme                  0042fad0 f   fj90i:jwe_dpme.obj
 0001:0002bba0       _jwe_ddou                  0042fba0 f   fj90i:jwe_ddou.obj
 0001:0002bd30       _jwe_ddoa                  0042fd30 f   fj90i:jwe_ddoa.obj
 0001:0002bf10       _jwe_dpck                  0042ff10 f   fj90i:jwe_dpck.obj
 0001:0002bfa0       _jwe_dudf                  0042ffa0 f   fj90i:jwe_dudf.obj
 0001:0002c0e0       _jwe_dudd                  004300e0 f   fj90i:jwe_dudf.obj
 0001:0002c840       _jwe_duda                  00430840 f   fj90i:jwe_dudf.obj
 0001:0002cb10       _jwe_dudc                  00430b10 f   fj90i:jwe_dudf.obj
 0001:0002d280       _jwe_dude                  00431280 f   fj90i:jwe_dudf.obj
 0001:0002d4d0       _jwe_dudn                  004314d0 f   fj90i:jwe_dudf.obj
 0001:0002d7b0       _jwe_dedc                  004317b0 f   fj90i:jwe_dudf.obj
 0001:0002d820       _jwe_dvec                  00431820 f   fj90i:jwe_dudf.obj
 0001:0002db90       _jwe_dsck                  00431b90 f   fj90i:jwe_dsck.obj
 0001:0002e7c0       _jwe_dsce                  004327c0 f   fj90i:jwe_dsck.obj
 0001:0002ec70       _jwe_duis                  00432c70 f   fj90i:jwe_duis.obj
 0001:0002ede0       _jwe_duid                  00432de0 f   fj90i:jwe_duis.obj
 0001:0002f1f0       _jwe_dack                  004331f0 f   fj90i:jwe_dack.obj
 0001:0002fa70       _jwe_dacd                  00433a70 f   fj90i:jwe_dack.obj
 0001:00030940       _jwe_epmp                  00434940 f   fj90i:jwe_eprt.obj
 0001:00030a00       _jwe_eprt                  00434a00 f   fj90i:jwe_eprt.obj
 0001:00030ea0       _jwe_etpt                  00434ea0 f   fj90i:jwe_etpt.obj
 0001:00030ed0       _jwe_iluc                  00434ed0 f   fj90i:jwe_iluc.obj
 0001:00030fe0       _jwe_ioef                  00434fe0 f   fj90i:jwe_ioef.obj
 0001:00031060       _jwe_iosf                  00435060 f   fj90i:jwe_iosf.obj
 0001:00031220       _jwe_eerm                  00435220 f   fj90i:jwe_eerm.obj
 0001:00031670       _jwe_xbfh                  00435670 f   fj90i:jwe_xbfh.obj
 0001:00031690       _jwe_xbsg                  00435690 f   fj90i:jwe_xbsg.obj
 0001:000316e0       _jwe_xend                  004356e0 f   fj90i:jwe_xend.obj
 0001:00031800       _jwe_xtim                  00435800 f   fj90i:jwe_xtim.obj
 0001:000318c0       _jwe_ifss                  004358c0 f   fj90i:jwe_ifss.obj
 0001:000319b0       _jwe_icfc                  004359b0 f   fj90i:jwe_icfc.obj
 0001:000319e0       _jwe_xexs                  004359e0 f   fj90i:jwe_xexs.obj
 0001:00031a00       _jwe_xets                  00435a00 f   fj90i:jwe_xexs.obj
 0001:00031c10       _jwe_xacp                  00435c10 f   fj90i:jwe_xacp.obj
 0001:00031c50       _jwe_eset                  00435c50 f   fj90i:jwe_eset.obj
 0001:00031c60       _jwe_icps                  00435c60 f   fj90i:jwe_icps.obj
 0001:000323d0       _jwe_icpt                  004363d0 f   fj90i:jwe_icpt.obj
 0001:00032b90       _jwe_ifps                  00436b90 f   fj90i:jwe_ifps.obj
 0001:000330f0       _jwe_ioec                  004370f0 f   fj90i:jwe_ioec.obj
 0001:000334f0       _jwe_ifcr                  004374f0 f   fj90i:jwe_ifcr.obj
 0001:00033590       _jwe_iefn                  00437590 f   fj90i:jwe_iefn.obj
 0001:00033700       _jwe_ifcs                  00437700 f   fj90i:jwe_ifcs.obj
 0001:000337f0       _jwe_ifcl                  004377f0 f   fj90i:jwe_ifcl.obj
 0001:00034590       _jwe_ifan                  00438590 f   fj90i:jwe_ifan.obj
 0001:00034750       _jwe_irpp                  00438750 f   fj90i:jwe_irpp.obj
 0001:00034dc0       _jwe_isdp                  00438dc0 f   fj90i:jwe_isdp.obj
 0001:00034fa0       _jwe_isd1                  00438fa0 f   fj90i:jwe_isdp.obj
 0001:00035080       _jwe_isd2                  00439080 f   fj90i:jwe_isdp.obj
 0001:000351e0       _jwe_isls                  004391e0 f   fj90i:jwe_isdp.obj
 0001:00035230       _jwe_ielo                  00439230 f   fj90i:jwe_ielo.obj
 0001:000357d0       _jwe_inad                  004397d0 f   fj90i:jwe_inad.obj
 0001:00037aa0       _jwe_inas                  0043baa0 f   fj90i:jwe_inas.obj
 0001:00039070       _jwe_indi                  0043d070 f   fj90i:jwe_inas.obj
 0001:00039db0       _jwe_icft                  0043ddb0 f   fj90i:jwe_icft.obj
 0001:0003d620       _jwe_iric                  00441620 f   fj90i:jwe_irio.obj
 0001:0003e580       _jwe_iroc                  00442580 f   fj90i:jwe_irio.obj
 0001:00040540       _jwe_icbd                  00444540 f   fj90i:jwe_icbd.obj
 0001:00040640       _jwe_icbdu                 00444640 f   fj90i:jwe_icbd.obj
 0001:000406c0       _jwe_icbdr                 004446c0 f   fj90i:jwe_icbd.obj
 0001:00040790       _jwe_ibtd                  00444790 f   fj90i:jwe_ibtd.obj
 0001:00040bf0       _jwe_ibtr                  00444bf0 f   fj90i:jwe_ibtr.obj
 0001:00040de0       _jwe_ibtru                 00444de0 f   fj90i:jwe_ibtr.obj
 0001:00040f00       _jwe_ibtrr                 00444f00 f   fj90i:jwe_ibtr.obj
 0001:000410f0       _jwe_irms                  004450f0 f   fj90i:jwe_irms.obj
 0001:00041240       _jwe_inis                  00445240 f   fj90i:jwe_inis.obj
 0001:00041340       _jwe_iims                  00445340 f   fj90i:jwe_iims.obj
 0001:000413f0       _jwe_icdb                  004453f0 f   fj90i:jwe_icdb.obj
 0001:00041580       _jwe_icdbu                 00445580 f   fj90i:jwe_icdb.obj
 0001:00041650       _jwe_idtb                  00445650 f   fj90i:jwe_idtb.obj
 0001:00041880       _jwe_idtbu                 00445880 f   fj90i:jwe_idtb.obj
 0001:00041a40       _jwe_idtr                  00445a40 f   fj90i:jwe_idtr.obj
 0001:00041bb0       _jwe_idtru                 00445bb0 f   fj90i:jwe_idtr.obj
 0001:00041cb0       _jwe_iczb                  00445cb0 f   fj90i:jwe_iczb.obj
 0001:00041ef0       _jwe_icbb                  00445ef0 f   fj90i:jwe_icbb.obj
 0001:00042020       _jwe_icob                  00446020 f   fj90i:jwe_icob.obj
 0001:00042300       _jwe_igrr                  00446300 f   fj90i:jwe_igrr.obj
 0001:000428a0       _jwe_iedp                  004468a0 f   fj90i:jwe_iedp.obj
 0001:00042ab0       _jwe_ifal                  00446ab0 f   fj90i:jwe_ifal.obj
 0001:00042c70       _jwe_ifch                  00446c70 f   fj90i:jwe_ifch.obj
 0001:00042dd0       _jwe_idcf                  00446dd0 f   fj90i:jwe_idcf.obj
 0001:00043250       _jwe_xget_cpuid            00447250 f   fj90i:jwe_xcpu.obj
 0001:00043350       _jwe_dgui                  00447350 f   fj90i:jwe_dgui.obj
 0001:00043360       _jwe_ecnv                  00447360 f   fj90i:jwe_ecnv.obj
 0001:00043490       _jwe_xtyp                  00447490 f   fj90i:jwe_xtyp.obj
 0001:00043730       _jwe_errr                  00447730 f   fj90i:jwe_errr.obj
 0001:00043f70       _jwe_einf                  00447f70 f   fj90i:jwe_einf.obj
 0001:000442c0       _jwe_eitm                  004482c0 f   fj90i:jwe_eitm.obj
 0001:000442f0       _jwe_xalc_fast             004482f0 f   fj90i:jwe_xdta.obj
 0001:00044500       _jwe_xdal_fast             00448500 f   fj90i:jwe_xdta.obj
 0001:000447a0       _jwe_xget_align            004487a0 f   fj90i:jwe_xdta.obj
 0001:00044810       _jwe_xfree_align           00448810 f   fj90i:jwe_xdta.obj
 0001:00044830       _jwe_xpac                  00448830 f   fj90i:jwe_xpac.obj
 0001:00044a30       _jwe_iged                  00448a30 f   fj90i:jwe_iend.obj
 0001:00044c70       _jwe_ieed                  00448c70 f   fj90i:jwe_iend.obj
 0001:00044d10       _jwe_xfpe                  00448d10 f   fj90i:jwe_xfpe.obj
 0001:00044df0       _jwe_xsko                  00448df0 f   fj90i:jwe_xsko.obj
 0001:00044e20       _jwe_xacv                  00448e20 f   fj90i:jwe_xacv.obj
 0001:00044e50       _jwe_xacd                  00448e50 f   fj90i:jwe_xacd.obj
 0001:00044e60       _jwe_xesm                  00448e60 f   fj90i:jwe_xesm.obj
 0001:00044f00       _jwe_etbm                  00448f00 f   fj90i:jwe_etbm.obj
 0001:000461e0       _jwe_xill                  0044a1e0 f   fj90i:jwe_xill.obj
 0001:00046210       _jwe_xrdy                  0044a210 f   fj90i:jwe_xrdy.obj
 0001:00046220       _jwe_iicn                  0044a220 f   fj90i:jwe_iicn.obj
 0001:00046560       _jwe_irpd                  0044a560 f   fj90i:jwe_irpd.obj
 0001:00046ae0       _jwe_irp1                  0044aae0 f   fj90i:jwe_irpd.obj
 0001:00046ba0       _jwe_irp2                  0044aba0 f   fj90i:jwe_irpd.obj
 0001:00046d70       _jwe_ijdj                  0044ad70 f   fj90i:jwe_ijdj.obj
 0001:00046fd0       _jwe_imdj                  0044afd0 f   fj90i:jwe_imdj.obj
 0001:00047020       _jwe_imdju                 0044b020 f   fj90i:jwe_imdj.obj
 0001:00047080       _jwe_ifvsv                 0044b080 f   fj90i:jwe_imdj.obj
 0001:000470e0       _jwe_ifvdu                 0044b0e0 f   fj90i:jwe_imdj.obj
 0001:00047220       _jwe_ifvdv                 0044b220 f   fj90i:jwe_imdj.obj
 0001:000473a0       _jwe_ijad                  0044b3a0 f   fj90i:jwe_ijad.obj
 0001:00047420       _jwe_ijmj                  0044b420 f   fj90i:jwe_ijmj.obj
 0001:00047570       _jwe_ifop                  0044b570 f   fj90i:jwe_ifop.obj
 0001:00048420       _jwe_emsg                  0044c420 f   fj90i:jwe_emsg.obj
 0001:00049380       _jwe_egtb                  0044d380 f   fj90i:jwe_ertb.obj
 0001:00049390       _jwe_ebtl                  0044d390 f   fj90i:jwe_ertb.obj
 0001:000493a0       _jwe_etbl                  0044d3a0 f   fj90i:jwe_etbl.obj
 0001:000493d0       _jwe_xalc                  0044d3d0 f   fj90i:jwe_xalc.obj
 0001:00049830       _jwe_x_alloc_trace         0044d830 f   fj90i:jwe_xalc.obj
 0001:00049960       _jwe_etbe                  0044d960 f   fj90i:jwe_etbe.obj
 0001:00049a60       _jwe_etbn                  0044da60 f   fj90i:jwe_etbn.obj
 0001:00049b80       _jwe_etbg                  0044db80 f   fj90i:jwe_etbg.obj
 0001:00049ce0       _jwe_etbs_dll              0044dce0 f   fj90i:jwe_etbs.obj
 0001:0004a060       _jwe_etbs                  0044e060 f   fj90i:jwe_etbs.obj
 0001:0004a410       _jwe_ijsb                  0044e410 f   fj90i:jwe_ijsb.obj
 0001:0004a480       _jwe_idpa                  0044e480 f   fj90i:jwe_idpa.obj
 0001:0004b230       _jwe_idpb                  0044f230 f   fj90i:jwe_idpa.obj
 0001:0004b420       _jwe_idpe                  0044f420 f   fj90i:jwe_idpa.obj
 0001:0004b540       _jwe_idga                  0044f540 f   fj90i:jwe_idga.obj
 0001:0004bc00       _jwe_idpt                  0044fc00 f   fj90i:jwe_idpt.obj
 0001:0004c820       _jwe_idft                  00450820 f   fj90i:jwe_idpt.obj
 0001:0004ca00       _jwe_idgt                  00450a00 f   fj90i:jwe_idgt.obj
 0001:0004d0c0       _jwe_iupd                  004510c0 f   fj90i:jwe_iupd.obj
 0001:0004d770       _jwe_iupd_error            00451770 f   fj90i:jwe_iupd.obj
 0001:0004d810       _jwe_iugd                  00451810 f   fj90i:jwe_iugd.obj
 0001:0004dc70       _jwe_ibpd                  00451c70 f   fj90i:jwe_ibpd.obj
 0001:0004df80       _jwe_ibgd                  00451f80 f   fj90i:jwe_ibgd.obj
 0001:0004e120       _jwe_ifpf                  00452120 f   fj90i:jwe_ifpf.obj
 0001:0004ed50       _jwe_icpf                  00452d50 f   fj90i:jwe_icpf.obj
 0001:0004fca0       _jwe_ifgf                  00453ca0 f   fj90i:jwe_ifgf.obj
 0001:00050420       _jwe_ipfd                  00454420 f   fj90i:jwe_ipfd.obj
 0001:00051140       _jwe_itfn                  00455140 f   fj90i:jwe_itfn.obj
 0001:00051480       _jwe_iifd                  00455480 f   fj90i:jwe_iifd.obj
 0001:00051790       _jwe_igfd                  00455790 f   fj90i:jwe_igfd.obj
 0001:00051b10       _jwe_itfd                  00455b10 f   fj90i:jwe_itfd.obj
 0001:00051fe0       _jwe_isfd                  00455fe0 f   fj90i:jwe_isfd.obj
 0001:00052160       _jwe_irfd                  00456160 f   fj90i:jwe_irfd.obj
 0001:00052250       _jwe_ibfd                  00456250 f   fj90i:jwe_ibfd.obj
 0001:00052f60       _jwe_ifgs                  00456f60 f   fj90i:jwe_ifgs.obj
 0001:00053130       _jwe_ifga                  00457130 f   fj90i:jwe_ifga.obj
 0001:000531e0       _jwe_ipsd                  004571e0 f   fj90i:jwe_ipsd.obj
 0001:000538f0       _jwe_ipad                  004578f0 f   fj90i:jwe_ipad.obj
 0001:00053920       _jwe_itsn                  00457920 f   fj90i:jwe_itsn.obj
 0001:00053a10       _jwe_ifpa                  00457a10 f   fj90i:jwe_ifpa.obj
 0001:00053af0       _jwe_igsd                  00457af0 f   fj90i:jwe_igsd.obj
 0001:00053c90       _jwe_itsd                  00457c90 f   fj90i:jwe_itsd.obj
 0001:00053da0       _jwe_issd                  00457da0 f   fj90i:jwe_issd.obj
 0001:00053e00       _jwe_irsd                  00457e00 f   fj90i:jwe_irsd.obj
 0001:00053e50       _jwe_ibsd                  00457e50 f   fj90i:jwe_ibsd.obj
 0001:00054070       _jwe_etxt                  00458070 f   fj90i:jwe_etxt.obj
 0001:000540d0       _jwe_etbf                  004580d0 f   fj90i:jwe_etbf.obj
 0001:000544d0       _jwe_itpt                  004584d0 f   fj90i:jwe_itpt.obj
 0001:00054560       _jwe_emso                  00458560 f   fj90i:jwe_emso.obj
 0001:00054570       _jwe_emss                  00458570 f   fj90i:jwe_emss.obj
 0001:00054580       _jwe_emsf                  00458580 f   fj90i:jwe_emsf.obj
 0001:00054590       _jwe_emsi                  00458590 f   fj90i:jwe_emsi.obj
 0001:000545a0       _jwe_emsx                  004585a0 f   fj90i:jwe_emsx.obj
 0001:000545b0       _jwe_ems5                  004585b0 f   fj90i:jwe_ems5.obj
 0001:000545c0       _jwe_ems4                  004585c0 f   fj90i:jwe_ems4.obj
 0001:000545d0       _jwe_ems3                  004585d0 f   fj90i:jwe_ems3.obj
 0001:000545e0       _jwe_ems2                  004585e0 f   fj90i:jwe_ems2.obj
 0001:000545f0       _jwe_ems1                  004585f0 f   fj90i:jwe_ems1.obj
 0001:00054600       __alloca_probe             00458600 f   libc:chkstk.obj
 0001:00054600       __chkstk                   00458600 f   libc:chkstk.obj
 0001:00054630       __ftol                     00458630 f   libc:ftol.obj
 0001:00054657       _mainCRTStartup            00458657 f   libc:crt0.obj
 0001:00054736       __amsg_exit                00458736 f   libc:crt0.obj
 0001:0005477f       __fpmath                   0045877f f   libc:fpinit.obj
 0001:00054796       __fpclear                  00458796 f   libc:fpinit.obj
 0001:00054797       __cfltcvt_init             00458797 f   libc:fpinit.obj
 0001:000547cf       ___setfflag                004587cf f   libc:fpinit.obj
 0001:000547df       ___initstdio               004587df f   libc:_file.obj
 0001:00054884       ___endstdio                00458884 f   libc:_file.obj
 0001:00054898       __stati64                  00458898 f   libc:stati64.obj
 0001:00054bd7       __statusfp                 00458bd7 f   libc:ieee87.obj
 0001:00054bea       __clearfp                  00458bea f   libc:ieee87.obj
 0001:00054bfe       __control87                00458bfe f   libc:ieee87.obj
 0001:00054c33       __controlfp                00458c33 f   libc:ieee87.obj
 0001:00054c49       __fpreset                  00458c49 f   libc:ieee87.obj
 0001:00054dc3       _fflush                    00458dc3 f   libc:fflush.obj
 0001:00054dfe       __flush                    00458dfe f   libc:fflush.obj
 0001:00054e5a       __flushall                 00458e5a f   libc:fflush.obj
 0001:00054ed0       _printf                    00458ed0 f   libc:printf.obj
 0001:00054f01       _getenv                    00458f01 f   libc:getenv.obj
 0001:00054f7e       __isctype                  00458f7e f   libc:isctype.obj
 0001:00054ff3       _realloc                   00458ff3 f   libc:realloc.obj
 0001:00055293       _malloc                    00459293 f   libc:malloc.obj
 0001:000552a5       __nh_malloc                004592a5 f   libc:malloc.obj
 0001:000552d1       __heap_alloc               004592d1 f   libc:malloc.obj
 0001:00055345       _fputc                     00459345 f   libc:fputc.obj
 0001:00055369       _putc                      00459369 f   libc:fputc.obj
 0001:00055379       _sprintf                   00459379 f   libc:sprintf.obj
 0001:000553cb       __tolower                  004593cb f   libc:tolower.obj
 0001:000553d3       _tolower                   004593d3 f   libc:tolower.obj
 0001:0005549e       _fgets                     0045949e f   libc:fgets.obj
 0001:00055500       _memmove                   00459500 f   libc:memmove.obj
 0001:00055840       __CIpow                    00459840 f   libc:pow.obj
 0001:00055859       _pow                       00459859 f   libc:pow.obj
 0001:00055a5d       _fclose                    00459a5d f   libc:fclose.obj
 0001:00055ab3       _fputs                     00459ab3 f   libc:fputs.obj
 0001:00055af6       __fsopen                   00459af6 f   libc:fopen.obj
 0001:00055b16       _fopen                     00459b16 f   libc:fopen.obj
 0001:00055b29       _abort                     00459b29 f   libc:abort.obj
 0001:00055b40       __cinit                    00459b40 f   libc:crt0dat.obj
 0001:00055b6d       _exit                      00459b6d f   libc:crt0dat.obj
 0001:00055b7e       __exit                     00459b7e f   libc:crt0dat.obj
 0001:00055b8f       __cexit                    00459b8f f   libc:crt0dat.obj
 0001:00055b9e       __c_exit                   00459b9e f   libc:crt0dat.obj
 0001:00055c60       _fwrite                    00459c60 f   libc:fwrite.obj
 0001:00055d6a       _fseek                     00459d6a f   libc:fseek.obj
 0001:00055df6       _strerror                  00459df6 f   libc:strerror.obj
 0001:00055e22       __fstati64                 00459e22 f   libc:fstati64.obj
 0001:000560b6       __lseeki64                 0045a0b6 f   libc:lseeki64.obj
 0001:00056167       _isalpha                   0045a167 f   libc:_ctype.obj
 0001:00056195       _isupper                   0045a195 f   libc:_ctype.obj
 0001:000561bd       _islower                   0045a1bd f   libc:_ctype.obj
 0001:000561e5       _isdigit                   0045a1e5 f   libc:_ctype.obj
 0001:0005620d       _isxdigit                  0045a20d f   libc:_ctype.obj
 0001:0005623a       _isspace                   0045a23a f   libc:_ctype.obj
 0001:00056262       _ispunct                   0045a262 f   libc:_ctype.obj
 0001:0005628a       _isalnum                   0045a28a f   libc:_ctype.obj
 0001:000562b8       _isprint                   0045a2b8 f   libc:_ctype.obj
 0001:000562e6       _isgraph                   0045a2e6 f   libc:_ctype.obj
 0001:00056314       _iscntrl                   0045a314 f   libc:_ctype.obj
 0001:0005633c       ___isascii                 0045a33c f   libc:_ctype.obj
 0001:00056349       ___toascii                 0045a349 f   libc:_ctype.obj
 0001:00056351       ___iscsymf                 0045a351 f   libc:_ctype.obj
 0001:0005638e       ___iscsym                  0045a38e f   libc:_ctype.obj
 0001:000563cb       _fread                     0045a3cb f   libc:fread.obj
 0001:000564b3       _ftell                     0045a4b3 f   libc:ftell.obj
 0001:00056610       _memcmp                    0045a610 f   libc:memcmp.obj
 0001:000566bc       __toupper                  0045a6bc f   libc:toupper.obj
 0001:000566c4       _toupper                   0045a6c4 f   libc:toupper.obj
 0001:00056790       _strncat                   0045a790 f   libc:strncat.obj
 0001:000568b3       _strtol                    0045a8b3 f   libc:strtol.obj
 0001:00056ad2       _strtoul                   0045aad2 f   libc:strtol.obj
 0001:00056ae9       _free                      0045aae9 f   libc:free.obj
 0001:00056b60       _strncmp                   0045ab60 f   libc:strncmp.obj
 0001:00056b98       _atol                      0045ab98 f   libc:atox.obj
 0001:00056c23       _atoi                      0045ac23 f   libc:atox.obj
 0001:00056c2e       __atoi64                   0045ac2e f   libc:atox.obj
 0001:00056ce8       _setvbuf                   0045ace8 f   libc:setvbuf.obj
 0001:00056d90       __allrem                   0045ad90 f   libc:llrem.obj
 0001:00056e50       __alldiv                   0045ae50 f   libc:lldiv.obj
 0001:00056f00       _strncpy                   0045af00 f   libc:strncpy.obj
 0001:00057000       __allmul                   0045b000 f   libc:llmul.obj
 0001:00057034       __flsbuf                   0045b034 f   libc:_flsbuf.obj
 0001:00057149       _clearerr                  0045b149 f   libc:clearerr.obj
 0001:00057177       _rewind                    0045b177 f   libc:rewind.obj
 0001:000571cb       __XcptFilter               0045b1cb f   libc:winxfltr.obj
 0001:0005734f       __setenvp                  0045b34f f   libc:stdenvp.obj
 0001:00057408       __setargv                  0045b408 f   libc:stdargv.obj
 0001:00057655       ___crtGetEnvironmentStringsA 0045b655 f   libc:a_env.obj
 0001:00057787       __ioinit                   0045b787 f   libc:ioinit.obj
 0001:00057932       __ioterm                   0045b932 f   libc:ioinit.obj
 0001:00057955       __GetLinkerVersion         0045b955 f   libc:heapinit.obj
 0001:00057982       ___heap_select             0045b982 f   libc:heapinit.obj
 0001:00057aca       __heap_init                0045baca f   libc:heapinit.obj
 0001:00057b27       __heap_term                0045bb27 f   libc:heapinit.obj
 0001:00057bd0       __global_unwind2           0045bbd0 f   libc:exsup.obj
 0001:00057c12       __local_unwind2            0045bc12 f   libc:exsup.obj
 0001:00057c6a       __NLG_Return2              0045bc6a f   libc:exsup.obj
 0001:00057c7a       __abnormal_termination     0045bc7a f   libc:exsup.obj
 0001:00057c9d       __NLG_Notify1              0045bc9d f   libc:exsup.obj
 0001:00057ca6       __NLG_Notify               0045bca6 f   libc:exsup.obj
 0001:00057cb9       __NLG_Dispatch             0045bcb9 f   libc:exsup.obj
 0001:00057cc8       __except_handler3          0045bcc8 f   libc:exsup3.obj
 0001:00057d85       __seh_longjmp_unwind@4     0045bd85 f   libc:exsup3.obj
 0001:00057da0       __FF_MSGBANNER             0045bda0 f   libc:crt0msg.obj
 0001:00057dd9       __NMSG_WRITE               0045bdd9 f   libc:crt0msg.obj
 0001:00057f2c       __GET_RTERRMSG             0045bf2c f   libc:crt0msg.obj
 0001:00057f5d       __setdefaultprecision      0045bf5d f   libc:fp8.obj
 0001:00057f6f       __ms_p5_test_fdiv          0045bf6f f   libc:testfdiv.obj
 0001:00057fad       __ms_p5_mp_test_fdiv       0045bfad f   libc:testfdiv.obj
 0001:00057fd6       __forcdecpt                0045bfd6 f   libc:cvt.obj
 0001:00058030       __cropzeros                0045c030 f   libc:cvt.obj
 0001:0005807e       __positive                 0045c07e f   libc:cvt.obj
 0001:00058096       __fassign                  0045c096 f   libc:cvt.obj
 0001:000580d4       __cftoe                    0045c0d4 f   libc:cvt.obj
 0001:000581d8       __cftof                    0045c1d8 f   libc:cvt.obj
 0001:000582b6       __cftog                    0045c2b6 f   libc:cvt.obj
 0001:0005839b       __cfltcvt                  0045c39b f   libc:cvt.obj
 0001:00058411       _calloc                    0045c411 f   libc:calloc.obj
 0001:000584c2       __fcloseall                0045c4c2 f   libc:closeall.obj
 0001:0005851a       __dosmaperr                0045c51a f   libc:dosmap.obj
 0001:00058581       ___dtoxmode                0045c581 f   libc:stat.obj
 0001:00058639       __stat                     0045c639 f   libc:stat.obj
 0001:0005895c       ___loctotime_t             0045c95c f   libc:dtoxtime.obj
 0001:00058a20       _strlen                    0045ca20 f   libc:strlen.obj
 0001:00058a9b       __fullpath                 0045ca9b f   libc:fullpath.obj
 0001:00058b3e       __getdrive                 0045cb3e f   libc:drive.obj
 0001:00058b81       __chdrive                  0045cb81 f   libc:drive.obj
 0001:00058bd8       __mbctolower               0045cbd8 f   libc:mbtolwr.obj
 0001:00058c53       __mbspbrk                  0045cc53 f   libc:mbspbrk.obj
 0001:00058cd8       __commit                   0045ccd8 f   libc:commit.obj
 0001:00058d2f       _write                     0045cd2f f   libc:write.obj
 0001:00058d2f       __write                    0045cd2f f   libc:write.obj
 0001:00058edc       __stbuf                    0045cedc f   libc:_sftbuf.obj
 0001:00058f69       __ftbuf                    0045cf69 f   libc:_sftbuf.obj
 0001:00058fa6       __output                   0045cfa6 f   libc:output.obj
 0001:000597b0       __mbsnbicoll               0045d7b0 f   libc:mbsnbico.obj
 0001:000597ef       ___wtomb_environ           0045d7ef f   libc:wtombenv.obj
 0001:0005985d       ___crtGetStringTypeA       0045d85d f   libc:a_str.obj
 0001:000599a6       __get_sbh_threshold        0045d9a6 f   libc:sbheap.obj
 0001:000599c5       __set_sbh_threshold        0045d9c5 f   libc:sbheap.obj
 0001:00059a78       ___sbh_heap_init           0045da78 f   libc:sbheap.obj
 0001:00059ac0       ___sbh_find_block          0045dac0 f   libc:sbheap.obj
 0001:00059aeb       ___sbh_free_block          0045daeb f   libc:sbheap.obj
 0001:00059e14       ___sbh_alloc_block         0045de14 f   libc:sbheap.obj
 0001:0005a11d       ___sbh_alloc_new_region    0045e11d f   libc:sbheap.obj
 0001:0005a1ce       ___sbh_alloc_new_group     0045e1ce f   libc:sbheap.obj
 0001:0005a2c9       ___sbh_resize_block        0045e2c9 f   libc:sbheap.obj
 0001:0005a5bf       ___sbh_heapmin             0045e5bf f   libc:sbheap.obj
 0001:0005a690       ___sbh_heap_check          0045e690 f   libc:sbheap.obj
 0001:0005a9bf       __get_old_sbh_threshold    0045e9bf f   libc:sbheap.obj
 0001:0005a9c5       __set_old_sbh_threshold    0045e9c5 f   libc:sbheap.obj
 0001:0005a9e1       ___old_sbh_new_region      0045e9e1 f   libc:sbheap.obj
 0001:0005ab25       ___old_sbh_release_region  0045eb25 f   libc:sbheap.obj
 0001:0005ab7b       ___old_sbh_decommit_pages  0045eb7b f   libc:sbheap.obj
 0001:0005ac3d       ___old_sbh_find_block      0045ec3d f   libc:sbheap.obj
 0001:0005ac94       ___old_sbh_free_block      0045ec94 f   libc:sbheap.obj
 0001:0005acd9       ___old_sbh_alloc_block     0045ecd9 f   libc:sbheap.obj
 0001:0005aee1       ___old_sbh_alloc_block_from_page 0045eee1 f   libc:sbheap.obj
 0001:0005b005       ___old_sbh_resize_block    0045f005 f   libc:sbheap.obj
 0001:0005b0ae       ___old_sbh_heap_check      0045f0ae f   libc:sbheap.obj
 0001:0005b20c       ?_set_new_handler@@YAP6AHI@ZP6AHI@Z@Z 0045f20c f   libc:handler.obj
 0001:0005b21c       ?_query_new_handler@@YAP6AHI@ZXZ 0045f21c f   libc:handler.obj
 0001:0005b222       __callnewh                 0045f222 f   libc:handler.obj
 0001:0005b240       _memcpy                    0045f240 f   libc:memcpy.obj
 0001:0005b575       ___crtLCMapStringA         0045f575 f   libc:a_map.obj
 0001:0005b7c4       __filbuf                   0045f7c4 f   libc:_filbuf.obj
 0001:0005b8b1       __fFEXP                    0045f8b1 f   libc:87tran.obj
 0001:0005b918       __rtinfpopse               0045f918 f   libc:87tran.obj
 0001:0005b91a       __rtinfnpopse              0045f91a f   libc:87tran.obj
 0001:0005b92a       __fFLN                     0045f92a f   libc:87tran.obj
 0001:0005b9df       __rtinfpop                 0045f9df f   libc:87tran.obj
 0001:0005b9e1       __rtinfnpop                0045f9e1 f   libc:87tran.obj
 0001:0005b9fe       __ffexpm1                  0045f9fe f   libc:87tran.obj
 0001:0005bab0       __trandisp1                0045fab0 f   libc:87disp.obj
 0001:0005bb17       __trandisp2                0045fb17 f   libc:87disp.obj
 0001:0005bba3       __rttospopde               0045fba3 f   libc:87disp.obj
 0001:0005bba8       __rttospop                 0045fba8 f   libc:87disp.obj
 0001:0005bbaa       __rtnospop                 0045fbaa f   libc:87disp.obj
 0001:0005bbac       __rttosnpop                0045fbac f   libc:87disp.obj
 0001:0005bbad       __rtnospopde               0045fbad f   libc:87disp.obj
 0001:0005bbb4       __rtzeropop                0045fbb4 f   libc:87disp.obj
 0001:0005bbb6       __rtzeronpop               0045fbb6 f   libc:87disp.obj
 0001:0005bbbb       __rtonepop                 0045fbbb f   libc:87disp.obj
 0001:0005bbbd       __rtonenpop                0045fbbd f   libc:87disp.obj
 0001:0005bbc2       __tosnan1                  0045fbc2 f   libc:87disp.obj
 0001:0005bbed       __nosnan2                  0045fbed f   libc:87disp.obj
 0001:0005bbef       __tosnan2                  0045fbef f   libc:87disp.obj
 0001:0005bc17       __nan2                     0045fc17 f   libc:87disp.obj
 0001:0005bc56       __rtindfpop                0045fc56 f   libc:87disp.obj
 0001:0005bc58       __rtindfnpop               0045fc58 f   libc:87disp.obj
 0001:0005bc69       __rttosnpopde              0045fc69 f   libc:87disp.obj
 0001:0005bc73       __rtchsifneg               0045fc73 f   libc:87disp.obj
 0001:0005bc80       __startTwoArgErrorHandling 0045fc80 f   libc:genexcep.obj
 0001:0005bc97       __startOneArgErrorHandling 0045fc97 f   libc:genexcep.obj
 0001:0005bce0       __twoToTOS                 0045fce0 f   libc:common.obj
 0001:0005bcf5       __load_CW                  0045fcf5 f   libc:common.obj
 0001:0005bd0c       __convertTOStoQNaN         0045fd0c f   libc:common.obj
 0001:0005bd25       __fload_withFB             0045fd25 f   libc:common.obj
 0001:0005bd68       __checkTOS_withFB          0045fd68 f   libc:common.obj
 0001:0005bd7e       __fast_exit                0045fd7e f   libc:common.obj
 0001:0005bd8b       __math_exit                0045fd8b f   libc:common.obj
 0001:0005bdb5       __check_overflow_exit      0045fdb5 f   libc:common.obj
 0001:0005bdc9       __check_range_exit         0045fdc9 f   libc:common.obj
 0001:0005be6c       __powhlp                   0045fe6c f   libc:powhlp.obj
 0001:0005bf9c       __d_inttype                0045ff9c f   libc:powhlp.obj
 0001:0005c001       _close                     00460001 f   libc:close.obj
 0001:0005c001       __close                    00460001 f   libc:close.obj
 0001:0005c0b4       __freebuf                  004600b4 f   libc:_freebuf.obj
 0001:0005c0df       __openfile                 004600df f   libc:_open.obj
 0001:0005c24f       __getstream                0046024f f   libc:stream.obj
 0001:0005c2c7       _signal                    004602c7 f   libc:winsig.obj
 0001:0005c40b       _raise                     0046040b f   libc:winsig.obj
 0001:0005c57d       _lseek                     0046057d f   libc:lseek.obj
 0001:0005c57d       __lseek                    0046057d f   libc:lseek.obj
 0001:0005c620       _strcpy                    00460620 f   libc:strcat.obj
 0001:0005c630       _strcat                    00460630 f   libc:strcat.obj
 0001:0005c710       __alloc_osfhnd             00460710 f   libc:osfinfo.obj
 0001:0005c7a5       __set_osfhnd               004607a5 f   libc:osfinfo.obj
 0001:0005c81c       __free_osfhnd              0046081c f   libc:osfinfo.obj
 0001:0005c896       __get_osfhandle            00460896 f   libc:osfinfo.obj
 0001:0005c8d3       __open_osfhandle           004608d3 f   libc:osfinfo.obj
 0001:0005c970       _read                      00460970 f   libc:read.obj
 0001:0005c970       __read                     00460970 f   libc:read.obj
 0001:0005cb66       __getbuf                   00460b66 f   libc:_getbuf.obj
 0001:0005cbaa       __isatty                   00460baa f   libc:isatty.obj
 0001:0005cbaa       _isatty                    00460baa f   libc:isatty.obj
 0001:0005cbd0       __setmbcp                  00460bd0 f   libc:mbctype.obj
 0001:0005cf94       __getmbcp                  00460f94 f   libc:mbctype.obj
 0001:0005cfa4       ___initmbctable            00460fa4 f   libc:mbctype.obj
 0001:0005cfd0       _strchr                    00460fd0 f   libc:strchr.obj
 0001:0005cfd6       ___from_strstr_to_strchr   00460fd6 f   libc:strchr.obj
 0001:0005d090       _strstr                    00461090 f   libc:strstr.obj
 0001:0005d110       ___crtMessageBoxA          00461110 f   libc:crtmbox.obj
 0001:0005d199       __ZeroTail                 00461199 f   libc:intrncvt.obj
 0001:0005d1e2       __IncMan                   004611e2 f   libc:intrncvt.obj
 0001:0005d238       __RoundMan                 00461238 f   libc:intrncvt.obj
 0001:0005d2c4       __CopyMan                  004612c4 f   libc:intrncvt.obj
 0001:0005d2df       __FillZeroMan              004612df f   libc:intrncvt.obj
 0001:0005d2eb       __IsZeroMan                004612eb f   libc:intrncvt.obj
 0001:0005d306       __ShrMan                   00461306 f   libc:intrncvt.obj
 0001:0005d393       __ld12cvt                  00461393 f   libc:intrncvt.obj
 0001:0005d4ff       __ld12tod                  004614ff f   libc:intrncvt.obj
 0001:0005d515       __ld12tof                  00461515 f   libc:intrncvt.obj
 0001:0005d52b       __ld12told                 0046152b f   libc:intrncvt.obj
 0001:0005d5a5       __atodbl                   004615a5 f   libc:intrncvt.obj
 0001:0005d5d2       __atoldbl                  004615d2 f   libc:intrncvt.obj
 0001:0005d600       __atoflt                   00461600 f   libc:intrncvt.obj
 0001:0005d62d       __fptostr                  0046162d f   libc:_fptostr.obj
 0001:0005d6a4       __fltout                   004616a4 f   libc:cfout.obj
 0001:0005d708       ___dtold                   00461708 f   libc:cfout.obj
 0001:0005d7c0       _memset                    004617c0 f   libc:memset.obj
 0001:0005d818       __fptrap                   00461818 f   libc:crt0fp.obj
 0001:0005d821       __mbsicmp                  00461821 f   libc:mbsicmp.obj
 0001:0005d98f       __mbsrchr                  0046198f f   libc:mbsrchr.obj
 0001:0005d9ef       ___tzset                   004619ef f   libc:tzset.obj
 0001:0005da04       __tzset                    00461a04 f   libc:tzset.obj
 0001:0005dc62       __isindst                  00461c62 f   libc:tzset.obj
 0001:0005df4e       _getcwd                    00461f4e f   libc:getcwd.obj
 0001:0005df4e       __getcwd                   00461f4e f   libc:getcwd.obj
 0001:0005df61       __getdcwd                  00461f61 f   libc:getcwd.obj
 0001:0005e032       __validdrive               00462032 f   libc:getcwd.obj
 0001:0005e070       _strpbrk                   00462070 f   libc:strpbrk.obj
 0001:0005e0aa       _wctomb                    004620aa f   libc:wctomb.obj
 0001:0005e120       __aulldiv                  00462120 f   libc:ulldiv.obj
 0001:0005e190       __aullrem                  00462190 f   libc:ullrem.obj
 0001:0005e205       ___crtCompareStringA       00462205 f   libc:a_cmp.obj
 0001:0005e4ad       ___crtsetenv               004624ad f   libc:setenv.obj
 0001:0005e700       _fdiv_main_routine         00462700 f   libc:adj_fdiv.obj
 0001:0005e817       __adj_fdiv_r               00462817 f   libc:adj_fdiv.obj
 0001:0005ecb6       __fdivp_sti_st             00462cb6 f   libc:adj_fdiv.obj
 0001:0005ecc9       __fdivrp_sti_st            00462cc9 f   libc:adj_fdiv.obj
 0001:0005ecdc       __adj_fdiv_m32             00462cdc f   libc:adj_fdiv.obj
 0001:0005ed28       __adj_fdiv_m64             00462d28 f   libc:adj_fdiv.obj
 0001:0005ed74       __adj_fdiv_m16i            00462d74 f   libc:adj_fdiv.obj
 0001:0005eda8       __adj_fdiv_m32i            00462da8 f   libc:adj_fdiv.obj
 0001:0005eddc       __adj_fdivr_m32            00462ddc f   libc:adj_fdiv.obj
 0001:0005ee28       __adj_fdivr_m64            00462e28 f   libc:adj_fdiv.obj
 0001:0005ee74       __adj_fdivr_m16i           00462e74 f   libc:adj_fdiv.obj
 0001:0005eea8       __adj_fdivr_m32i           00462ea8 f   libc:adj_fdiv.obj
 0001:0005eedc       __safe_fdiv                00462edc f   libc:adj_fdiv.obj
 0001:0005eef1       __safe_fdivr               00462ef1 f   libc:adj_fdiv.obj
 0001:0005ef06       __fprem_common             00462f06 f   libc:adj_fdiv.obj
 0001:0005f10c       __adj_fprem                0046310c f   libc:adj_fdiv.obj
 0001:0005f1be       __fprem1_common            004631be f   libc:adj_fdiv.obj
 0001:0005f3c4       __adj_fprem1               004633c4 f   libc:adj_fdiv.obj
 0001:0005f479       __safe_fprem               00463479 f   libc:adj_fdiv.obj
 0001:0005f47f       __safe_fprem1              0046347f f   libc:adj_fdiv.obj
 0001:0005f485       __adj_fpatan               00463485 f   libc:adj_fdiv.obj
 0001:0005f488       __adj_fptan                00463488 f   libc:adj_fdiv.obj
 0001:0005f48b       __87except                 0046348b f   libc:87except.obj
 0001:0005f55b       __set_exp                  0046355b f   libc:util.obj
 0001:0005f584       __get_exp                  00463584 f   libc:util.obj
 0001:0005f598       __add_exp                  00463598 f   libc:util.obj
 0001:0005f5c4       __set_bexp                 004635c4 f   libc:util.obj
 0001:0005f5e8       __sptype                   004635e8 f   libc:util.obj
 0001:0005f642       __decomp                   00463642 f   libc:util.obj
 0001:0005f703       __frnd                     00463703 f   libc:frnd.obj
 0001:0005f715       __copysign                 00463715 f   libc:ieeemisc.obj
 0001:0005f736       __chgsign                  00463736 f   libc:ieeemisc.obj
 0001:0005f75b       __scalb                    0046375b f   libc:ieeemisc.obj
 0001:0005f771       __logb                     00463771 f   libc:ieeemisc.obj
 0001:0005f858       __nextafter                00463858 f   libc:ieeemisc.obj
 0001:0005faed       __finite                   00463aed f   libc:ieeemisc.obj
 0001:0005fb01       __isnan                    00463b01 f   libc:ieeemisc.obj
 0001:0005fb2f       __fpclass                  00463b2f f   libc:ieeemisc.obj
 0001:0005fbc1       __open                     00463bc1 f   libc:open.obj
 0001:0005fbc1       _open                      00463bc1 f   libc:open.obj
 0001:0005fbd8       __sopen                    00463bd8 f   libc:open.obj
 0001:0005fe91       ___addl                    00463e91 f   libc:mantold.obj
 0001:0005feb2       ___add_12                  00463eb2 f   libc:mantold.obj
 0001:0005ff10       ___shl_12                  00463f10 f   libc:mantold.obj
 0001:0005ff3e       ___shr_12                  00463f3e f   libc:mantold.obj
 0001:0005ff6b       ___mtold12                 00463f6b f   libc:mantold.obj
 0001:00060032       ___strgtold12              00464032 f   libc:strgtold.obj
 0001:00060503       ___STRINGTOLD              00464503 f   libc:strgtold.obj
 0001:0006053f       _$I10_OUTPUT               0046453f f   libc:x10fout.obj
 0001:000607e0       __stricmp                  004647e0 f   libc:stricmp.obj
 0001:000607e0       __strcmpi                  004647e0 f   libc:stricmp.obj
 0001:00060870       _strrchr                   00464870 f   libc:strrchr.obj
 0001:000608a0       _strcmp                    004648a0 f   libc:strcmp.obj
 0001:00060924       __mbschr                   00464924 f   libc:mbschr.obj
 0001:00060997       __strdup                   00464997 f   libc:strdup.obj
 0001:000609c2       __handle_qnan1             004649c2 f   libc:fpexcept.obj
 0001:00060a15       __handle_qnan2             00464a15 f   libc:fpexcept.obj
 0001:00060a74       __except1                  00464a74 f   libc:fpexcept.obj
 0001:00060b0c       __except2                  00464b0c f   libc:fpexcept.obj
 0001:00060bb1       __raise_exc                00464bb1 f   libc:fpexcept.obj
 0001:00060e64       __handle_exc               00464e64 f   libc:fpexcept.obj
 0001:0006107b       __umatherr                 0046507b f   libc:fpexcept.obj
 0001:00061103       __set_errno                00465103 f   libc:fpexcept.obj
 0001:0006114e       __errcode                  0046514e f   libc:fpexcept.obj
 0001:0006117b       __matherr                  0046517b f   libc:matherr.obj
 0001:0006117e       __statfp                   0046517e f   libc:fpctrl.obj
 0001:0006118c       __clrfp                    0046518c f   libc:fpctrl.obj
 0001:0006119b       __ctrlfp                   0046519b f   libc:fpctrl.obj
 0001:000611be       __set_statfp               004651be f   libc:fpctrl.obj
 0001:00061214       _ldexp                     00465214 f   libc:ldexp.obj
 0001:000613fa       __chsize                   004653fa f   libc:chsize.obj
 0001:00061540       ___ld12mul                 00465540 f   libc:tenpow.obj
 0001:00061760       ___multtenpow12            00465760 f   libc:tenpow.obj
 0001:000617dc       __setmode                  004657dc f   libc:setmode.obj
 0001:00061852       _MessageBoxA@16            00465852 f   user32:USER32.dll
 0001:00061860       _GetTimeZoneInformation@4  00465860 f   kernel32:KERNEL32.dll
 0001:00061866       _GetLocalTime@4            00465866 f   kernel32:KERNEL32.dll
 0001:0006186c       _GetCommandLineA@0         0046586c f   kernel32:KERNEL32.dll
 0001:00061872       _AllocConsole@0            00465872 f   kernel32:KERNEL32.dll
 0001:00061878       _GetStdHandle@4            00465878 f   kernel32:KERNEL32.dll
 0001:0006187e       _QueryPerformanceCounter@4 0046587e f   kernel32:KERNEL32.dll
 0001:00061884       _QueryPerformanceFrequency@4 00465884 f   kernel32:KERNEL32.dll
 0001:0006188a       _GetVersionExA@4           0046588a f   kernel32:KERNEL32.dll
 0001:00061890       _GetProcAddress@8          00465890 f   kernel32:KERNEL32.dll
 0001:00061896       _GetModuleHandleA@4        00465896 f   kernel32:KERNEL32.dll
 0001:0006189c       _FormatMessageA@28         0046589c f   kernel32:KERNEL32.dll
 0001:000618a2       _GetLastError@0            004658a2 f   kernel32:KERNEL32.dll
 0001:000618a8       _DeleteFileA@4             004658a8 f   kernel32:KERNEL32.dll
 0001:000618ae       _WriteFile@20              004658ae f   kernel32:KERNEL32.dll
 0001:000618b4       _ReadFile@20               004658b4 f   kernel32:KERNEL32.dll
 0001:000618ba       _SetFilePointer@16         004658ba f   kernel32:KERNEL32.dll
 0001:000618c0       _CreateFileA@28            004658c0 f   kernel32:KERNEL32.dll
 0001:000618c6       _CloseHandle@4             004658c6 f   kernel32:KERNEL32.dll
 0001:000618cc       _GetFileSize@8             004658cc f   kernel32:KERNEL32.dll
 0001:000618d2       _UnmapViewOfFile@4         004658d2 f   kernel32:KERNEL32.dll
 0001:000618d8       _IsBadReadPtr@8            004658d8 f   kernel32:KERNEL32.dll
 0001:000618de       _MapViewOfFile@20          004658de f   kernel32:KERNEL32.dll
 0001:000618e4       _CreateFileMappingA@24     004658e4 f   kernel32:KERNEL32.dll
 0001:000618ea       _GetFileType@4             004658ea f   kernel32:KERNEL32.dll
 0001:000618f0       _GetFileAttributesA@4      004658f0 f   kernel32:KERNEL32.dll
 0001:000618f6       _SearchPathA@24            004658f6 f   kernel32:KERNEL32.dll
 0001:000618fc       _LoadLibraryExA@12         004658fc f   kernel32:KERNEL32.dll
 0001:00061902       _GetVersion@0              00465902 f   kernel32:KERNEL32.dll
 0001:00061908       _ExitProcess@4             00465908 f   kernel32:KERNEL32.dll
 0001:0006190e       _FindClose@4               0046590e f   kernel32:KERNEL32.dll
 0001:00061914       _FileTimeToSystemTime@8    00465914 f   kernel32:KERNEL32.dll
 0001:0006191a       _FileTimeToLocalFileTime@8 0046591a f   kernel32:KERNEL32.dll
 0001:00061920       _GetDriveTypeA@4           00465920 f   kernel32:KERNEL32.dll
 0001:00061926       _FindFirstFileA@8          00465926 f   kernel32:KERNEL32.dll
 0001:0006192c       _HeapReAlloc@16            0046592c f   kernel32:KERNEL32.dll
 0001:00061932       _HeapAlloc@12              00465932 f   kernel32:KERNEL32.dll
 0001:00061938       _TerminateProcess@8        00465938 f   kernel32:KERNEL32.dll
 0001:0006193e       _GetCurrentProcess@0       0046593e f   kernel32:KERNEL32.dll
 0001:00061944       _GetFileInformationByHandle@8 00465944 f   kernel32:KERNEL32.dll
 0001:0006194a       _PeekNamedPipe@24          0046594a f   kernel32:KERNEL32.dll
 0001:00061950       _HeapFree@12               00465950 f   kernel32:KERNEL32.dll
 0001:00061956       _UnhandledExceptionFilter@4 00465956 f   kernel32:KERNEL32.dll
 0001:0006195c       _GetModuleFileNameA@12     0046595c f   kernel32:KERNEL32.dll
 0001:00061962       _FreeEnvironmentStringsA@4 00465962 f   kernel32:KERNEL32.dll
 0001:00061968       _FreeEnvironmentStringsW@4 00465968 f   kernel32:KERNEL32.dll
 0001:0006196e       _WideCharToMultiByte@32    0046596e f   kernel32:KERNEL32.dll
 0001:00061974       _GetEnvironmentStrings@0   00465974 f   kernel32:KERNEL32.dll
 0001:0006197a       _GetEnvironmentStringsW@0  0046597a f   kernel32:KERNEL32.dll
 0001:00061980       _SetHandleCount@4          00465980 f   kernel32:KERNEL32.dll
 0001:00061986       _GetStartupInfoA@4         00465986 f   kernel32:KERNEL32.dll
 0001:0006198c       _GetEnvironmentVariableA@12 0046598c f   kernel32:KERNEL32.dll
 0001:00061992       _HeapDestroy@4             00465992 f   kernel32:KERNEL32.dll
 0001:00061998       _HeapCreate@12             00465998 f   kernel32:KERNEL32.dll
 0001:0006199e       _VirtualFree@12            0046599e f   kernel32:KERNEL32.dll
 0001:000619a4       _RtlUnwind@16              004659a4 f   kernel32:KERNEL32.dll
 0001:000619aa       _GetFullPathNameA@16       004659aa f   kernel32:KERNEL32.dll
 0001:000619b0       _GetCurrentDirectoryA@8    004659b0 f   kernel32:KERNEL32.dll
 0001:000619b6       _SetCurrentDirectoryA@4    004659b6 f   kernel32:KERNEL32.dll
 0001:000619bc       _FlushFileBuffers@4        004659bc f   kernel32:KERNEL32.dll
 0001:000619c2       _MultiByteToWideChar@24    004659c2 f   kernel32:KERNEL32.dll
 0001:000619c8       _GetStringTypeA@20         004659c8 f   kernel32:KERNEL32.dll
 0001:000619ce       _GetStringTypeW@16         004659ce f   kernel32:KERNEL32.dll
 0001:000619d4       _VirtualAlloc@16           004659d4 f   kernel32:KERNEL32.dll
 0001:000619da       _IsBadWritePtr@8           004659da f   kernel32:KERNEL32.dll
 0001:000619e0       _LCMapStringA@24           004659e0 f   kernel32:KERNEL32.dll
 0001:000619e6       _LCMapStringW@24           004659e6 f   kernel32:KERNEL32.dll
 0001:000619ec       _SetConsoleCtrlHandler@8   004659ec f   kernel32:KERNEL32.dll
 0001:000619f2       _SetStdHandle@8            004659f2 f   kernel32:KERNEL32.dll
 0001:000619f8       _GetCPInfo@8               004659f8 f   kernel32:KERNEL32.dll
 0001:000619fe       _GetACP@0                  004659fe f   kernel32:KERNEL32.dll
 0001:00061a04       _GetOEMCP@0                00465a04 f   kernel32:KERNEL32.dll
 0001:00061a0a       _LoadLibraryA@4            00465a0a f   kernel32:KERNEL32.dll
 0001:00061a10       _CompareStringA@24         00465a10 f   kernel32:KERNEL32.dll
 0001:00061a16       _CompareStringW@24         00465a16 f   kernel32:KERNEL32.dll
 0001:00061a1c       _SetEnvironmentVariableA@8 00465a1c f   kernel32:KERNEL32.dll
 0001:00061a22       _RaiseException@16         00465a22 f   kernel32:KERNEL32.dll
 0001:00061a28       _SetEndOfFile@4            00465a28 f   kernel32:KERNEL32.dll
 0001:00061a30       _jwe_fjci                  00465a30 f   fj90f:jwe_fjci.obj
 0001:00061a60       _jwe_fvav                  00465a60 f   fj90f:jwe_fu8f.obj
 0001:00061ab0       _jwe_fumu                  00465ab0 f   fj90f:jwe_fu8f.obj
 0001:00061b40       _jwe_fvvv                  00465b40 f   fj90f:jwe_fu8f.obj
 0001:00061b90       _jwe_fjcv                  00465b90 f   fj90f:jwe_fjcv.obj
 0001:00061bb0       _jwe_fjdu                  00465bb0 f   fj90f:jwe_fjdu.obj
 0001:00061d50       _jwe_fnzb                  00465d50 f   fj90f:jwe_fnzb.obj
 0001:00061e90       _f_a8sb                    00465e90 f   fj90f:jwe_fjsb.obj
 0001:00062000       _g_dbleq                   00466000 f   fj90g:jwe_gdbq.obj
 0001:000621d0       _g_aqcj                    004661d0 f   fj90g:jwe_gqcj.obj
 0001:00062360       _main                      00466360 f   fj90i:jwe_xrt0.obj
 0001:00062450       __fstat                    00466450 f   libc:fstat.obj
 0001:00062450       _fstat                     00466450 f   libc:fstat.obj
 0001:000626c8       __fileno                   004666c8 f   libc:fileno.obj
 0001:000626c8       _fileno                    004666c8 f   libc:fileno.obj
 0001:000626d0       __cprintf                  004666d0 f   libc:cprintf.obj
 0001:000626d0       _cprintf                   004666d0 f   libc:cprintf.obj
 0001:00062eb2       _tempnam                   00466eb2 f   libc:tempnam.obj
 0001:00062eb2       __tempnam                  00466eb2 f   libc:tempnam.obj
 0001:00063099       _remove                    00467099 f   libc:unlink.obj
 0001:000630c3       _unlink                    004670c3 f   libc:unlink.obj
 0001:000630c3       __unlink                   004670c3 f   libc:unlink.obj
 0001:000630d0       _strnicmp                  004670d0 f   libc:strnicmp.obj
 0001:000630d0       __strnicmp                 004670d0 f   libc:strnicmp.obj
 0001:0006317d       __putch                    0046717d f   libc:putch.obj
 0001:000631c1       __itoa                     004671c1 f   libc:xtoa.obj
 0001:0006324a       __ltoa                     0046724a f   libc:xtoa.obj
 0001:00063274       __ultoa                    00467274 f   libc:xtoa.obj
 0001:0006328f       __i64toa                   0046728f f   libc:xtoa.obj
 0001:00063346       __ui64toa                  00467346 f   libc:xtoa.obj
 0001:00063361       __rmtmp                    00467361 f   libc:rmtmp.obj
 0001:0006339d       __access                   0046739d f   libc:access.obj
 0001:000633e1       ___initconin               004673e1 f   libc:initcon.obj
 0001:00063400       ___initconout              00467400 f   libc:initcon.obj
 0001:0006341f       ___termcon                 0046741f f   libc:initcon.obj
 0001:0006344c       _WriteConsoleA@20          0046744c f   kernel32:KERNEL32.dll
 0002:00000000       __imp__GetFileInformationByHandle@8 00468000     kernel32:KERNEL32.dll
 0002:00000004       __imp__GetTimeZoneInformation@4 00468004     kernel32:KERNEL32.dll
 0002:00000008       __imp__GetLocalTime@4      00468008     kernel32:KERNEL32.dll
 0002:0000000c       __imp__GetCommandLineA@0   0046800c     kernel32:KERNEL32.dll
 0002:00000010       __imp__AllocConsole@0      00468010     kernel32:KERNEL32.dll
 0002:00000014       __imp__GetStdHandle@4      00468014     kernel32:KERNEL32.dll
 0002:00000018       __imp__QueryPerformanceCounter@4 00468018     kernel32:KERNEL32.dll
 0002:0000001c       __imp__QueryPerformanceFrequency@4 0046801c     kernel32:KERNEL32.dll
 0002:00000020       __imp__GetVersionExA@4     00468020     kernel32:KERNEL32.dll
 0002:00000024       __imp__GetProcAddress@8    00468024     kernel32:KERNEL32.dll
 0002:00000028       __imp__GetModuleHandleA@4  00468028     kernel32:KERNEL32.dll
 0002:0000002c       __imp__FormatMessageA@28   0046802c     kernel32:KERNEL32.dll
 0002:00000030       __imp__GetLastError@0      00468030     kernel32:KERNEL32.dll
 0002:00000034       __imp__DeleteFileA@4       00468034     kernel32:KERNEL32.dll
 0002:00000038       __imp__WriteFile@20        00468038     kernel32:KERNEL32.dll
 0002:0000003c       __imp__ReadFile@20         0046803c     kernel32:KERNEL32.dll
 0002:00000040       __imp__SetFilePointer@16   00468040     kernel32:KERNEL32.dll
 0002:00000044       __imp__CreateFileA@28      00468044     kernel32:KERNEL32.dll
 0002:00000048       __imp__CloseHandle@4       00468048     kernel32:KERNEL32.dll
 0002:0000004c       __imp__GetFileSize@8       0046804c     kernel32:KERNEL32.dll
 0002:00000050       __imp__UnmapViewOfFile@4   00468050     kernel32:KERNEL32.dll
 0002:00000054       __imp__IsBadReadPtr@8      00468054     kernel32:KERNEL32.dll
 0002:00000058       __imp__MapViewOfFile@20    00468058     kernel32:KERNEL32.dll
 0002:0000005c       __imp__CreateFileMappingA@24 0046805c     kernel32:KERNEL32.dll
 0002:00000060       __imp__GetFileType@4       00468060     kernel32:KERNEL32.dll
 0002:00000064       __imp__GetFileAttributesA@4 00468064     kernel32:KERNEL32.dll
 0002:00000068       __imp__SearchPathA@24      00468068     kernel32:KERNEL32.dll
 0002:0000006c       __imp__LoadLibraryExA@12   0046806c     kernel32:KERNEL32.dll
 0002:00000070       __imp__GetVersion@0        00468070     kernel32:KERNEL32.dll
 0002:00000074       __imp__ExitProcess@4       00468074     kernel32:KERNEL32.dll
 0002:00000078       __imp__FindClose@4         00468078     kernel32:KERNEL32.dll
 0002:0000007c       __imp__FileTimeToSystemTime@8 0046807c     kernel32:KERNEL32.dll
 0002:00000080       __imp__FileTimeToLocalFileTime@8 00468080     kernel32:KERNEL32.dll
 0002:00000084       __imp__GetDriveTypeA@4     00468084     kernel32:KERNEL32.dll
 0002:00000088       __imp__FindFirstFileA@8    00468088     kernel32:KERNEL32.dll
 0002:0000008c       __imp__HeapReAlloc@16      0046808c     kernel32:KERNEL32.dll
 0002:00000090       __imp__HeapAlloc@12        00468090     kernel32:KERNEL32.dll
 0002:00000094       __imp__TerminateProcess@8  00468094     kernel32:KERNEL32.dll
 0002:00000098       __imp__GetCurrentProcess@0 00468098     kernel32:KERNEL32.dll
 0002:0000009c       __imp__WriteConsoleA@20    0046809c     kernel32:KERNEL32.dll
 0002:000000a0       __imp__PeekNamedPipe@24    004680a0     kernel32:KERNEL32.dll
 0002:000000a4       __imp__HeapFree@12         004680a4     kernel32:KERNEL32.dll
 0002:000000a8       __imp__UnhandledExceptionFilter@4 004680a8     kernel32:KERNEL32.dll
 0002:000000ac       __imp__GetModuleFileNameA@12 004680ac     kernel32:KERNEL32.dll
 0002:000000b0       __imp__FreeEnvironmentStringsA@4 004680b0     kernel32:KERNEL32.dll
 0002:000000b4       __imp__FreeEnvironmentStringsW@4 004680b4     kernel32:KERNEL32.dll
 0002:000000b8       __imp__WideCharToMultiByte@32 004680b8     kernel32:KERNEL32.dll
 0002:000000bc       __imp__GetEnvironmentStrings@0 004680bc     kernel32:KERNEL32.dll
 0002:000000c0       __imp__GetEnvironmentStringsW@0 004680c0     kernel32:KERNEL32.dll
 0002:000000c4       __imp__SetHandleCount@4    004680c4     kernel32:KERNEL32.dll
 0002:000000c8       __imp__GetStartupInfoA@4   004680c8     kernel32:KERNEL32.dll
 0002:000000cc       __imp__GetEnvironmentVariableA@12 004680cc     kernel32:KERNEL32.dll
 0002:000000d0       __imp__HeapDestroy@4       004680d0     kernel32:KERNEL32.dll
 0002:000000d4       __imp__HeapCreate@12       004680d4     kernel32:KERNEL32.dll
 0002:000000d8       __imp__VirtualFree@12      004680d8     kernel32:KERNEL32.dll
 0002:000000dc       __imp__RtlUnwind@16        004680dc     kernel32:KERNEL32.dll
 0002:000000e0       __imp__GetFullPathNameA@16 004680e0     kernel32:KERNEL32.dll
 0002:000000e4       __imp__GetCurrentDirectoryA@8 004680e4     kernel32:KERNEL32.dll
 0002:000000e8       __imp__SetCurrentDirectoryA@4 004680e8     kernel32:KERNEL32.dll
 0002:000000ec       __imp__FlushFileBuffers@4  004680ec     kernel32:KERNEL32.dll
 0002:000000f0       __imp__MultiByteToWideChar@24 004680f0     kernel32:KERNEL32.dll
 0002:000000f4       __imp__GetStringTypeA@20   004680f4     kernel32:KERNEL32.dll
 0002:000000f8       __imp__GetStringTypeW@16   004680f8     kernel32:KERNEL32.dll
 0002:000000fc       __imp__VirtualAlloc@16     004680fc     kernel32:KERNEL32.dll
 0002:00000100       __imp__IsBadWritePtr@8     00468100     kernel32:KERNEL32.dll
 0002:00000104       __imp__LCMapStringA@24     00468104     kernel32:KERNEL32.dll
 0002:00000108       __imp__LCMapStringW@24     00468108     kernel32:KERNEL32.dll
 0002:0000010c       __imp__SetConsoleCtrlHandler@8 0046810c     kernel32:KERNEL32.dll
 0002:00000110       __imp__SetStdHandle@8      00468110     kernel32:KERNEL32.dll
 0002:00000114       __imp__GetCPInfo@8         00468114     kernel32:KERNEL32.dll
 0002:00000118       __imp__GetACP@0            00468118     kernel32:KERNEL32.dll
 0002:0000011c       __imp__GetOEMCP@0          0046811c     kernel32:KERNEL32.dll
 0002:00000120       __imp__LoadLibraryA@4      00468120     kernel32:KERNEL32.dll
 0002:00000124       __imp__CompareStringA@24   00468124     kernel32:KERNEL32.dll
 0002:00000128       __imp__CompareStringW@24   00468128     kernel32:KERNEL32.dll
 0002:0000012c       __imp__SetEnvironmentVariableA@8 0046812c     kernel32:KERNEL32.dll
 0002:00000130       __imp__RaiseException@16   00468130     kernel32:KERNEL32.dll
 0002:00000134       __imp__SetEndOfFile@4      00468134     kernel32:KERNEL32.dll
 0002:00000138       \177KERNEL32_NULL_THUNK_DATA 00468138     kernel32:KERNEL32.dll
 0002:0000013c       __imp__MessageBoxA@16      0046813c     user32:USER32.dll
 0002:00000140       \177USER32_NULL_THUNK_DATA 00468140     user32:USER32.dll
 0002:000001a8       _jwe_sz__MAIN__            004681a8     aercoare.obj
 0002:000001ac       _jwe_ssn__MAIN__           004681ac     aercoare.obj
 0002:00000278       _jwe_sz__coare_            00468278     aercoare.obj
 0002:0000027c       _jwe_ssn__coare_           0046827c     aercoare.obj
 0002:00000440       _jwe_sz__missing_summary_  00468440     aercoare.obj
 0002:00000444       _jwe_ssn__missing_summary_ 00468444     aercoare.obj
 0002:000004b0       _jwe_sz__write_aermod_     004684b0     aercoare.obj
 0002:000004b4       _jwe_ssn__write_aermod_    004684b4     aercoare.obj
 0002:000005f8       _jwe_sz__process_met_      004685f8     aercoare.obj
 0002:000005fc       _jwe_ssn__process_met_     004685fc     aercoare.obj
 0002:00000878       _jwe_sz__smthzi_           00468878     aercoare.obj
 0002:0000087c       _jwe_ssn__smthzi_          0046887c     aercoare.obj
 0002:00000930       _jwe_sz__getobs_           00468930     aercoare.obj
 0002:00000934       _jwe_ssn__getobs_          00468934     aercoare.obj
 0002:000011e0       _jwe_sz__bulk_flux_        004691e0     aercoare.obj
 0002:000011e4       _jwe_ssn__bulk_flux_       004691e4     aercoare.obj
 0002:000015d8       _jwe_sz__asl_              004695d8     aercoare.obj
 0002:000015dc       _jwe_ssn__asl_             004695dc     aercoare.obj
 0002:00001968       _jwe_sz__delxtime_         00469968     aercoare.obj
 0002:0000196c       _jwe_ssn__delxtime_        0046996c     aercoare.obj
 0002:000019f0       _jwe_sz__humidity_         004699f0     aercoare.obj
 0002:000019f4       _jwe_ssn__humidity_        004699f4     aercoare.obj
 0002:00001a40       _jwe_sz__psiu_             00469a40     aercoare.obj
 0002:00001a44       _jwe_ssn__psiu_            00469a44     aercoare.obj
 0002:00001ae0       _jwe_sz__psit_             00469ae0     aercoare.obj
 0002:00001ae4       _jwe_ssn__psit_            00469ae4     aercoare.obj
 0002:00001b80       _jwe_sz__gravity_          00469b80     aercoare.obj
 0002:00001b84       _jwe_ssn__gravity_         00469b84     aercoare.obj
 0002:00001c00       _jwe_sz__radflx_           00469c00     aercoare.obj
 0002:00001c04       _jwe_ssn__radflx_          00469c04     aercoare.obj
 0002:00001cd0       _jwe_sz__write_sfc_head_   00469cd0     aercoare.obj
 0002:00001cd4       _jwe_ssn__write_sfc_head_  00469cd4     aercoare.obj
 0002:00001d98       _jwe_sz__set_missing_      00469d98     aercoare.obj
 0002:00001d9c       _jwe_ssn__set_missing_     00469d9c     aercoare.obj
 0002:00001e90       _jwe_sz__get_control_      00469e90     aercoare.obj
 0002:00001e94       _jwe_ssn__get_control_     00469e94     aercoare.obj
 0002:00002538       _jwe_sz__get_variable_defs_ 0046a538     aercoare.obj
 0002:0000253c       _jwe_ssn__get_variable_defs_ 0046a53c     aercoare.obj
 0002:00002628       _jwe_sz__lowercase_        0046a628     aercoare.obj
 0002:0000262c       _jwe_ssn__lowercase_       0046a62c     aercoare.obj
 0002:000026b0       _jwe_sz___BLKDT__          0046a6b0     aercoare.obj
 0002:000026b4       _jwe_sz__runt_             0046a6b4     aercoare.obj
 0002:000026b8       _jwe_sz__options_          0046a6b8     aercoare.obj
 0002:000026bc       _jwe_sz__defs_             0046a6bc     aercoare.obj
 0002:000026c0       _jwe_sz__varin_            0046a6c0     aercoare.obj
 0002:000026c8       _jwe_sz__jul2dat_          0046a6c8     timesubs.obj
 0002:000026cc       _jwe_ssn__jul2dat_         0046a6cc     timesubs.obj
 0002:00002770       _jwe_sz__julian_           0046a770     timesubs.obj
 0002:00002774       _jwe_ssn__julian_          0046a774     timesubs.obj
 0002:000027e0       _jwe_sz__legal_timestamp_  0046a7e0     timesubs.obj
 0002:000027e4       _jwe_ssn__legal_timestamp_ 0046a7e4     timesubs.obj
 0002:000028f8       _jwe_sz__idate8_           0046a8f8     timesubs.obj
 0002:000028fc       _jwe_ssn__idate8_          0046a8fc     timesubs.obj
 0002:00002998       _jwe_sz__idate10_          0046a998     timesubs.obj
 0002:0000299c       _jwe_ssn__idate10_         0046a99c     timesubs.obj
 0002:00002a38       _jwe_sz__add_hour_         0046aa38     timesubs.obj
 0002:00002a3c       _jwe_ssn__add_hour_        0046aa3c     timesubs.obj
 0002:00002a90       _jwe_sz__idaysinmth_       0046aa90     timesubs.obj
 0002:00002a94       _jwe_ssn__idaysinmth_      0046aa94     timesubs.obj
 0002:00002b00       _jwe_sz__mth_by_num_       0046ab00     timesubs.obj
 0002:00002b04       _jwe_ssn__mth_by_num_      0046ab04     timesubs.obj
 0002:00002b70       _jwe_sz__iymdh2idate_      0046ab70     timesubs.obj
 0002:00002b74       _jwe_ssn__iymdh2idate_     0046ab74     timesubs.obj
 0002:00002bc0       _jwe_sz__idate2ymdh_       0046abc0     timesubs.obj
 0002:00002bc4       _jwe_ssn__idate2ymdh_      0046abc4     timesubs.obj
 0002:00002c28       _jwe_sz__delhrs_           0046ac28     timesubs.obj
 0002:00002c2c       _jwe_ssn__delhrs_          0046ac2c     timesubs.obj
 0002:00002ee0       __real@0000000000000000    0046aee0     fj90f:jwe_fdin.obj
 0002:00002fd8       __real@ffefffffffffffb6    0046afd8     fj90g:jwe_gdl1.obj
 0002:00003060       __real@3fe6a09e667f3bcd    0046b060     fj90g:jwe_gdsn.obj
 0002:00003240       __real@7fefffffffffffb6    0046b240     fj90g:jwe_gdxi.obj
 0002:00003248       __real@bff0000000000000    0046b248     fj90g:jwe_gdxi.obj
 0002:00003250       __real@3ff0000000000000    0046b250     fj90g:jwe_gdxi.obj
 0002:000032d0       __real@40862e4189374bc7    0046b2d0     fj90g:jwe_gdex.obj
 0002:000032d8       __real@c08628b645a1cac1    0046b2d8     fj90g:jwe_gdex.obj
 0002:00005820       __real@3fe0000000000000    0046d820     fj90g:jwe_gdxd.obj
 0002:00005830       __real@3fb999999999999a    0046d830     fj90i:jwe_inao.obj
 0002:00005838       __real@00000000            0046d838     fj90i:jwe_ddoa.obj
 0002:00005840       __real@3fb2492492492492    0046d840     fj90i:jwe_irio.obj
 0002:00005848       __real@4024000000000000    0046d848     fj90i:jwe_irio.obj
 0002:00005850       __real@3e112e0be826d695    0046d850     fj90i:jwe_irio.obj
 0002:00005858       __real@bfb2492492492492    0046d858     fj90i:jwe_irio.obj
 0002:00005860       __real@416312d000000000    0046d860     fj90i:jwe_irio.obj
 0002:00005868       __real@4180000000000000    0046d868     fj90i:jwe_irio.obj
 0002:00005870       __real@bfb999999999999a    0046d870     fj90i:jwe_irio.obj
 0002:000058dc       ??_C@_03MNBA@?4?1?2?$AA@   0046d8dc     libc:stati64.obj
 0002:000058e0       ??_C@_02DIIM@?$DP?$CK?$AA@ 0046d8e0     libc:stati64.obj
 0002:000058e4       ??_C@_0BH@PHHF@__GLOBAL_HEAP_SELECTED?$AA@ 0046d8e4     libc:heapinit.obj
 0002:000058fc       ??_C@_0BF@BBGL@__MSVCRT_HEAP_SELECT?$AA@ 0046d8fc     libc:heapinit.obj
 0002:00005914       ??_C@_0P@GGKG@runtime?5error?5?$AA@ 0046d914     libc:crt0msg.obj
 0002:00005924       ??_C@_02PIMC@?$AN?6?$AA@   0046d924     libc:crt0msg.obj
 0002:00005928       ??_C@_0O@DELO@TLOSS?5error?$AN?6?$AA@ 0046d928     libc:crt0msg.obj
 0002:00005938       ??_C@_0N@OMLL@SING?5error?$AN?6?$AA@ 0046d938     libc:crt0msg.obj
 0002:00005948       ??_C@_0P@OJAK@DOMAIN?5error?$AN?6?$AA@ 0046d948     libc:crt0msg.obj
 0002:00005958       ??_C@_0CF@EANP@R6028?$AN?6?9?5unable?5to?5initialize?5he@ 0046d958     libc:crt0msg.obj
 0002:00005980       ??_C@_0DF@ECGN@R6027?$AN?6?9?5not?5enough?5space?5for?5lo@ 0046d980     libc:crt0msg.obj
 0002:000059b8       ??_C@_0DF@FKAC@R6026?$AN?6?9?5not?5enough?5space?5for?5st@ 0046d9b8     libc:crt0msg.obj
 0002:000059f0       ??_C@_0CG@DPMN@R6025?$AN?6?9?5pure?5virtual?5function?5c@ 0046d9f0     libc:crt0msg.obj
 0002:00005a18       ??_C@_0DF@CKIP@R6024?$AN?6?9?5not?5enough?5space?5for?5_o@ 0046da18     libc:crt0msg.obj
 0002:00005a50       ??_C@_0CJ@GGOE@R6019?$AN?6?9?5unable?5to?5open?5console?5@ 0046da50     libc:crt0msg.obj
 0002:00005a7c       ??_C@_0CB@LBOB@R6018?$AN?6?9?5unexpected?5heap?5error?$AN?6@ 0046da7c     libc:crt0msg.obj
 0002:00005aa0       ??_C@_0CN@FPEG@R6017?$AN?6?9?5unexpected?5multithread?5@ 0046daa0     libc:crt0msg.obj
 0002:00005ad0       ??_C@_0CM@OBIC@R6016?$AN?6?9?5not?5enough?5space?5for?5th@ 0046dad0     libc:crt0msg.obj
 0002:00005afc       ??_C@_0CB@HPAL@?$AN?6abnormal?5program?5termination?$AN?6@ 0046dafc     libc:crt0msg.obj
 0002:00005b20       ??_C@_0CM@JOOB@R6009?$AN?6?9?5not?5enough?5space?5for?5en@ 0046db20     libc:crt0msg.obj
 0002:00005b4c       ??_C@_0CK@OIBL@R6008?$AN?6?9?5not?5enough?5space?5for?5ar@ 0046db4c     libc:crt0msg.obj
 0002:00005b78       ??_C@_0CF@LKPB@R6002?$AN?6?9?5floating?5point?5not?5load@ 0046db78     libc:crt0msg.obj
 0002:00005ba0       ??_C@_0CF@JPDF@Microsoft?5Visual?5C?$CL?$CL?5Runtime?5Lib@ 0046dba0     libc:crt0msg.obj
 0002:00005bc8       ??_C@_02JJJH@?6?6?$AA@     0046dbc8     libc:crt0msg.obj
 0002:00005bcc       ??_C@_0BK@DEOK@Runtime?5Error?$CB?6?6Program?3?5?$AA@ 0046dbcc     libc:crt0msg.obj
 0002:00005be8       ??_C@_03NAME@?4?4?4?$AA@   0046dbe8     libc:crt0msg.obj
 0002:00005bec       ??_C@_0BH@NNCD@?$DMprogram?5name?5unknown?$DO?$AA@ 0046dbec     libc:crt0msg.obj
 0002:00005c08       __real@8@3fff8000000000000000 0046dc08     libc:testfdiv.obj
 0002:00005c10       __real@8@4015800bf60000000000 0046dc10     libc:testfdiv.obj
 0002:00005c18       __real@8@4014bffffc0000000000 0046dc18     libc:testfdiv.obj
 0002:00005c20       ??_C@_0BK@JEGK@IsProcessorFeaturePresent?$AA@ 0046dc20     libc:testfdiv.obj
 0002:00005c3c       ??_C@_08OBID@KERNEL32?$AA@ 0046dc3c     libc:testfdiv.obj
 0002:00005c48       __real@8@00000000000000000000 0046dc48     libc:cvt.obj
 0002:00005c50       ??_C@_05OFLO@e?$CL000?$AA@ 0046dc50     libc:cvt.obj
 0002:00005c58       ??_C@_04GGNP@?4com?$AA@    0046dc58     libc:stat.obj
 0002:00005c60       ??_C@_04KBDN@?4bat?$AA@    0046dc60     libc:stat.obj
 0002:00005c68       ??_C@_04LFKF@?4cmd?$AA@    0046dc68     libc:stat.obj
 0002:00005c70       ??_C@_04NFOM@?4exe?$AA@    0046dc70     libc:stat.obj
 0002:00005c78       ___lookuptable             0046dc78     libc:output.obj
 0002:00005cd4       ??_C@_1O@POHA@?$AA?$CI?$AAn?$AAu?$AAl?$AAl?$AA?$CJ?$AA?$AA@ 0046dcd4     libc:output.obj
 0002:00005ce4       ??_C@_06ONKE@?$CInull?$CJ?$AA@ 0046dce4     libc:output.obj
 0002:00005cec       ??_C@_01A@?$AA?$AA@        0046dcec     libc:a_str.obj
 0002:00005cf0       ??_C@_13A@?$AA?$AA?$AA?$AA@ 0046dcf0     libc:a_str.obj
 0002:00005d28       __DEFAULT_CW_in_mem        0046dd28     libc:common.obj
 0002:00005d2a       __pi_by_2_to_61            0046dd2a     libc:common.obj
 0002:00005d68       __real@8@40008000000000000000 0046dd68     libc:powhlp.obj
 0002:00005d70       ??_C@_0BG@JPLP@Illegal?5byte?5sequence?$AA@ 0046dd70     libc:syserr.obj
 0002:00005d88       ??_C@_0BE@FLBN@Directory?5not?5empty?$AA@ 0046dd88     libc:syserr.obj
 0002:00005d9c       ??_C@_0BJ@KAFL@Function?5not?5implemented?$AA@ 0046dd9c     libc:syserr.obj
 0002:00005db8       ??_C@_0BD@CEML@No?5locks?5available?$AA@ 0046ddb8     libc:syserr.obj
 0002:00005dcc       ??_C@_0BC@GADJ@Filename?5too?5long?$AA@ 0046ddcc     libc:syserr.obj
[...]
 0001:00027810       _jwe_iine                  0042b810 f   fj90i:jwe_iedi.obj
 0001:00027820       _jwe_iief                  0042b820 f   fj90i:jwe_iedi.obj
 0001:00027c10       _jwe_iiqe                  0042bc10 f   fj90i:jwe_iedi.obj
 0001:00021620       _jwe_iofe                  00425620 f   fj90i:jwe_iedo.obj
 0001:00021890       _jwe_ioed                  00425890 f   fj90i:jwe_iedo.obj
 0001:00022210       _jwe_ior0                  00426210 f   fj90i:jwe_iedo.obj
 0001:000223a0       _jwe_ioni                  004263a0 f   fj90i:jwe_iedo.obj
 0001:00022460       _jwe_ioic                  00426460 f   fj90i:jwe_iedo.obj
 0001:00022680       _jwe_ioge                  00426680 f   fj90i:jwe_iedo.obj
 0001:000226c0       _jwe_iocl                  004266c0 f   fj90i:jwe_iedo.obj
 0001:000226f0       _jwe_ioie                  004266f0 f   fj90i:jwe_iedo.obj
 0001:000229b0       _jwe_ioig                  004269b0 f   fj90i:jwe_iedo.obj
 0001:00022c50       _jwe_iole                  00426c50 f   fj90i:jwe_iedo.obj
 0001:00022d30       _jwe_ioaw                  00426d30 f   fj90i:jwe_iedo.obj
 0001:00022dc0       _jwe_ioae                  00426dc0 f   fj90i:jwe_iedo.obj
 0001:00022df0       _jwe_iozs                  00426df0 f   fj90i:jwe_iedo.obj
 0001:00023040       _jwe_ioze                  00427040 f   fj90i:jwe_iedo.obj
 0001:00023240       _jwe_ioen                  00427240 f   fj90i:jwe_iedo.obj
 0001:000236f0       _jwe_ioes                  004276f0 f   fj90i:jwe_iedo.obj
 0001:00023a90       _jwe_iore                  00427a90 f   fj90i:jwe_iedo.obj
 0001:00023b20       _jwe_iobs                  00427b20 f   fj90i:jwe_iedo.obj
 0001:00023e10       _jwe_iobe                  00427e10 f   fj90i:jwe_iedo.obj
 0001:000240c0       _jwe_ioos                  004280c0 f   fj90i:jwe_iedo.obj
 0001:00024470       _jwe_iooe                  00428470 f   fj90i:jwe_iedo.obj
 0001:00024680       _jwe_ione                  00428680 f   fj90i:jwe_iedo.obj
 0001:00021580       _jwe_iife                  00425580 f   fj90i:jwe_iipg.obj
 0001:0001fe30       _jwe_ilno                  00423e30 f   fj90i:jwe_ilni.obj
 0001:0001ff30       _jwe_iln1                  00423f30 f   fj90i:jwe_ilni.obj
 0001:00020060       _jwe_iln2                  00424060 f   fj90i:jwe_ilni.obj
 0001:00020080       _jwe_ilnp                  00424080 f   fj90i:jwe_ilni.obj
 0001:00020a20       _jwe_ilnr                  00424a20 f   fj90i:jwe_ilni.obj
 0001:00020af0       _jwe_ilng                  00424af0 f   fj90i:jwe_ilni.obj
 0001:00020b60       _jwe_ilnc                  00424b60 f   fj90i:jwe_ilni.obj
 0001:00020c80       _jwe_ilns                  00424c80 f   fj90i:jwe_ilni.obj
 0001:00020d60       _jwe_ilnl                  00424d60 f   fj90i:jwe_ilni.obj
 0001:00020f60       _jwe_ilne                  00424f60 f   fj90i:jwe_ilni.obj
 0001:00021190       _jwe_ilnf                  00425190 f   fj90i:jwe_ilni.obj
 0001:0001ea90       _jwe_inip                  00422a90 f   fj90i:jwe_inai.obj
 0001:0001ebf0       _jwe_inss                  00422bf0 f   fj90i:jwe_inai.obj
 0001:0001eed0       _jwe_inar                  00422ed0 f   fj90i:jwe_inai.obj
 0001:0001f2d0       _jwe_insb                  004232d0 f   fj90i:jwe_inai.obj
 0001:0001f550       _jwe_inst                  00423550 f   fj90i:jwe_inai.obj
 0001:0001b590       _jwe_incs                  0041f590 f   fj90i:jwe_inao.obj
 0001:0001b720       _jwe_inct                  0041f720 f   fj90i:jwe_inao.obj
 0001:0001b8f0       _jwe_inon                  0041f8f0 f   fj90i:jwe_inao.obj
 0001:0001b9c0       _jwe_invo                  0041f9c0 f   fj90i:jwe_inao.obj
 0001:0001c560       _jwe_inop                  00420560 f   fj90i:jwe_inao.obj
 0001:0001c630       _jwe_in_n                  00420630 f   fj90i:jwe_inao.obj
 0001:0001c6b0       _jwe_inoe                  004206b0 f   fj90i:jwe_inao.obj
 0001:0001c750       _jwe_in_c                  00420750 f   fj90i:jwe_inao.obj
 0001:0001c820       _jwe_in_r                  00420820 f   fj90i:jwe_inao.obj
 0001:0001b020       _jwe_imch                  0041f020 f   fj90i:jwe_ifmt.obj
 0001:0001b170       _jwe_imgp                  0041f170 f   fj90i:jwe_ifmt.obj
 0001:0001b1d0       _jwe_impp                  0041f1d0 f   fj90i:jwe_ifmt.obj
 0001:0001b260       _jwe_ifme                  0041f260 f   fj90i:jwe_ifmt.obj
 0001:00017c40       _jwe_isip                  0041bc40 f   fj90i:jwe_ifct.obj
 0001:00019a00       _jwe_ifrp                  0041da00 f   fj90i:jwe_ifct.obj
 0001:00019a40       _jwe_ifer                  0041da40 f   fj90i:jwe_ifct.obj
 0001:00019b30       _jwe_ifcg                  0041db30 f   fj90i:jwe_ifct.obj
 0001:00019c10       _jwe_iftc                  0041dc10 f   fj90i:jwe_ifct.obj
 0001:000172c0       _jwe_errproc               0041b2c0 f   fj90i:jwe_iflc.obj
 0001:00016370       _jwe_debe                  0041a370 f   fj90i:jwe_debg.obj
 0001:000149b0       _jwe_xsch                  004189b0 f   fj90i:jwe_xopt.obj
 0001:00014150       _jwe_iser                  00418150 f   fj90i:jwe_isfm.obj
 0001:00013780       _jwe_iifg                  00417780 f   fj90i:jwe_iinf.obj
 0001:00013840       _jwe_iifp                  00417840 f   fj90i:jwe_iinf.obj
 0001:00010b40       _jwe_iop0                  00414b40 f   fj90i:jwe_iocf.obj
 0001:00011010       _jwe_iocl                  00415010 f   fj90i:jwe_iocf.obj
 0001:00011230       _jwe_iop1                  00415230 f   fj90i:jwe_iocf.obj
 0001:00011d00       _jwe_iop2                  00415d00 f   fj90i:jwe_iocf.obj
 0001:00011ed0       _jwe_iop3                  00415ed0 f   fj90i:jwe_iocf.obj
 0001:00011f40       _jwe_iop5                  00415f40 f   fj90i:jwe_iocf.obj
 0001:00011ff0       _jwe_iop4                  00415ff0 f   fj90i:jwe_iocf.obj
 0001:000120b0       _jwe_iop6                  004160b0 f   fj90i:jwe_iocf.obj
 0001:00012130       _jwe_iop7                  00416130 f   fj90i:jwe_iocf.obj
 0001:00012330       _jwe_iopc                  00416330 f   fj90i:jwe_iocf.obj
 0001:00012400       _jwe_iopw                  00416400 f   fj90i:jwe_iocf.obj
 0001:00012680       _jwe_iope                  00416680 f   fj90i:jwe_iocf.obj
 0001:000128a0       _jwe_iops                  004168a0 f   fj90i:jwe_iocf.obj
 0001:00012950       _jwe_iop8                  00416950 f   fj90i:jwe_iocf.obj
 0001:000631ee       _xtoa                      004671ee f   libc:xtoa.obj
 0001:000632c0       _x64toa@20                 004672c0 f   libc:xtoa.obj
 0001:0006304d       __stripquote               0046704d f   libc:tempnam.obj
 0001:000626e1       _output                    004666e1 f   libc:cprintf.obj
 0001:00062e0e       _write_char                00466e0e f   libc:cprintf.obj
 0001:00062e28       _write_multi_char          00466e28 f   libc:cprintf.obj
 0001:00062e54       _write_string              00466e54 f   libc:cprintf.obj
 0001:00062e87       _get_int_arg               00466e87 f   libc:cprintf.obj
 0001:00062e94       _get_int64_arg             00466e94 f   libc:cprintf.obj
 0001:00062ea4       _get_short_arg             00466ea4 f   libc:cprintf.obj
 0001:00061129       __get_fname                00465129 f   libc:fpexcept.obj
 0001:0005e824       label0                     00462824 f   libc:adj_fdiv.obj
 0001:0005e82a       label1                     0046282a f   libc:adj_fdiv.obj
 0001:0005e82f       label2                     0046282f f   libc:adj_fdiv.obj
 0001:0005e835       label3                     00462835 f   libc:adj_fdiv.obj
 0001:0005e83a       label4                     0046283a f   libc:adj_fdiv.obj
 0001:0005e840       label5                     00462840 f   libc:adj_fdiv.obj
 0001:0005e846       label6                     00462846 f   libc:adj_fdiv.obj
 0001:0005e84c       label7                     0046284c f   libc:adj_fdiv.obj
 0001:0005e852       label8                     00462852 f   libc:adj_fdiv.obj
 0001:0005e86e       label9                     0046286e f   libc:adj_fdiv.obj
 0001:0005e873       label10                    00462873 f   libc:adj_fdiv.obj
 0001:0005e889       label11                    00462889 f   libc:adj_fdiv.obj
 0001:0005e88e       label12                    0046288e f   libc:adj_fdiv.obj
 0001:0005e8aa       label13                    004628aa f   libc:adj_fdiv.obj
 0001:0005e8ba       label14                    004628ba f   libc:adj_fdiv.obj
 0001:0005e8ce       label15                    004628ce f   libc:adj_fdiv.obj
 0001:0005e8de       label16                    004628de f   libc:adj_fdiv.obj
 0001:0005e8fe       label17                    004628fe f   libc:adj_fdiv.obj
 0001:0005e903       label18                    00462903 f   libc:adj_fdiv.obj
 0001:0005e91d       label19                    0046291d f   libc:adj_fdiv.obj
 0001:0005e922       label20                    00462922 f   libc:adj_fdiv.obj
 0001:0005e942       label21                    00462942 f   libc:adj_fdiv.obj
 0001:0005e956       label22                    00462956 f   libc:adj_fdiv.obj
 0001:0005e96e       label23                    0046296e f   libc:adj_fdiv.obj
 0001:0005e982       label24                    00462982 f   libc:adj_fdiv.obj
 0001:0005e9a2       label25                    004629a2 f   libc:adj_fdiv.obj
 0001:0005e9a7       label26                    004629a7 f   libc:adj_fdiv.obj
 0001:0005e9c1       label27                    004629c1 f   libc:adj_fdiv.obj
 0001:0005e9c6       label28                    004629c6 f   libc:adj_fdiv.obj
 0001:0005e9e6       label29                    004629e6 f   libc:adj_fdiv.obj
 0001:0005e9fa       label30                    004629fa f   libc:adj_fdiv.obj
 0001:0005ea12       label31                    00462a12 f   libc:adj_fdiv.obj
 0001:0005ea26       label32                    00462a26 f   libc:adj_fdiv.obj
 0001:0005ea46       label33                    00462a46 f   libc:adj_fdiv.obj
 0001:0005ea4b       label34                    00462a4b f   libc:adj_fdiv.obj
 0001:0005ea65       label35                    00462a65 f   libc:adj_fdiv.obj
 0001:0005ea6a       label36                    00462a6a f   libc:adj_fdiv.obj
 0001:0005ea8a       label37                    00462a8a f   libc:adj_fdiv.obj
 0001:0005ea9e       label38                    00462a9e f   libc:adj_fdiv.obj
 0001:0005eab6       label39                    00462ab6 f   libc:adj_fdiv.obj
 0001:0005eaca       label40                    00462aca f   libc:adj_fdiv.obj
 0001:0005eaea       label41                    00462aea f   libc:adj_fdiv.obj
 0001:0005eaef       label42                    00462aef f   libc:adj_fdiv.obj
 0001:0005eb09       label43                    00462b09 f   libc:adj_fdiv.obj
 0001:0005eb0e       label44                    00462b0e f   libc:adj_fdiv.obj
 0001:0005eb2e       label45                    00462b2e f   libc:adj_fdiv.obj
 0001:0005eb42       label46                    00462b42 f   libc:adj_fdiv.obj
 0001:0005eb5a       label47                    00462b5a f   libc:adj_fdiv.obj
 0001:0005eb6e       label48                    00462b6e f   libc:adj_fdiv.obj
 0001:0005eb8e       label49                    00462b8e f   libc:adj_fdiv.obj
 0001:0005eb93       label50                    00462b93 f   libc:adj_fdiv.obj
 0001:0005ebad       label51                    00462bad f   libc:adj_fdiv.obj
 0001:0005ebb2       label52                    00462bb2 f   libc:adj_fdiv.obj
 0001:0005ebd2       label53                    00462bd2 f   libc:adj_fdiv.obj
 0001:0005ebe6       label54                    00462be6 f   libc:adj_fdiv.obj
 0001:0005ebfe       label55                    00462bfe f   libc:adj_fdiv.obj
 0001:0005ec12       label56                    00462c12 f   libc:adj_fdiv.obj
 0001:0005ec32       label57                    00462c32 f   libc:adj_fdiv.obj
 0001:0005ec37       label58                    00462c37 f   libc:adj_fdiv.obj
 0001:0005ec51       label59                    00462c51 f   libc:adj_fdiv.obj
 0001:0005ec56       label60                    00462c56 f   libc:adj_fdiv.obj
 0001:0005ec76       label61                    00462c76 f   libc:adj_fdiv.obj
 0001:0005ec8a       label62                    00462c8a f   libc:adj_fdiv.obj
 0001:0005eca2       label63                    00462ca2 f   libc:adj_fdiv.obj
 0001:0005e634       _findenv                   00462634 f   libc:setenv.obj
 0001:0005e68c       _copy_environ              0046268c f   libc:setenv.obj
 0001:0005e482       _strncnt                   00462482 f   libc:a_cmp.obj
 0001:0005de0e       _cvtdate                   00461e0e f   libc:tzset.obj
 0001:0005cd69       _getSystemCP               00460d69 f   libc:mbctype.obj
 0001:0005cdb3       _CPtoLCID                  00460db3 f   libc:mbctype.obj
 0001:0005cde6       _setSBCS                   00460de6 f   libc:mbctype.obj
 0001:0005ce0f       _setSBUpLow                00460e0f f   libc:mbctype.obj
 0001:0005c3d3       _ctrlevent_capture@4       004603d3 f   libc:winsig.obj
 0001:0005c538       _siglookup                 00460538 f   libc:winsig.obj
 0001:0005b8b1       fFEXP                      0045f8b1 f   libc:87tran.obj
 0001:0005b9f1       _rtforexpinf               0045f9f1 f   libc:87tran.obj
 0001:0005b799       _strncnt                   0045f799 f   libc:a_map.obj
 0001:0005b2b0       LeadUp1                    0045f2b0 f   libc:memcpy.obj
 0001:0005b2dc       LeadUp2                    0045f2dc f   libc:memcpy.obj
 0001:0005b300       LeadUp3                    0045f300 f   libc:memcpy.obj
 0001:0005b37f       UnwindUp0                  0045f37f f   libc:memcpy.obj
 0001:0005b36c       UnwindUp1                  0045f36c f   libc:memcpy.obj
 0001:0005b364       UnwindUp2                  0045f364 f   libc:memcpy.obj
 0001:0005b35c       UnwindUp3                  0045f35c f   libc:memcpy.obj
 0001:0005b354       UnwindUp4                  0045f354 f   libc:memcpy.obj
 0001:0005b34c       UnwindUp5                  0045f34c f   libc:memcpy.obj
 0001:0005b344       UnwindUp6                  0045f344 f   libc:memcpy.obj
 0001:0005b33c       UnwindUp7                  0045f33c f   libc:memcpy.obj
 0001:0005b398       TrailUp0                   0045f398 f   libc:memcpy.obj
 0001:0005b3a0       TrailUp1                   0045f3a0 f   libc:memcpy.obj
 0001:0005b3ac       TrailUp2                   0045f3ac f   libc:memcpy.obj
 0001:0005b3c0       TrailUp3                   0045f3c0 f   libc:memcpy.obj
 0001:0005b438       LeadDown1                  0045f438 f   libc:memcpy.obj
 0001:0005b458       LeadDown2                  0045f458 f   libc:memcpy.obj
 0001:0005b480       LeadDown3                  0045f480 f   libc:memcpy.obj
 0001:0005b4d4       UnwindDown7                0045f4d4 f   libc:memcpy.obj
 0001:0005b4dc       UnwindDown6                0045f4dc f   libc:memcpy.obj
 0001:0005b4e4       UnwindDown5                0045f4e4 f   libc:memcpy.obj
 0001:0005b4ec       UnwindDown4                0045f4ec f   libc:memcpy.obj
 0001:0005b4f4       UnwindDown3                0045f4f4 f   libc:memcpy.obj
 0001:0005b4fc       UnwindDown2                0045f4fc f   libc:memcpy.obj
 0001:0005b504       UnwindDown1                0045f504 f   libc:memcpy.obj
 0001:0005b517       UnwindDown0                0045f517 f   libc:memcpy.obj
 0001:0005b530       TrailDown0                 0045f530 f   libc:memcpy.obj
 0001:0005b538       TrailDown1                 0045f538 f   libc:memcpy.obj
 0001:0005b548       TrailDown2                 0045f548 f   libc:memcpy.obj
 0001:0005b55c       TrailDown3                 0045f55c f   libc:memcpy.obj
 0001:000596e7       _write_char                0045d6e7 f   libc:output.obj
 0001:0005971c       _write_multi_char          0045d71c f   libc:output.obj
 0001:0005974d       _write_string              0045d74d f   libc:output.obj
 0001:00059785       _get_int_arg               0045d785 f   libc:output.obj
 0001:00059792       _get_int64_arg             0045d792 f   libc:output.obj
 0001:000597a2       _get_short_arg             0045d7a2 f   libc:output.obj
 0001:000588ec       _IsRootUNCName             0045c8ec f   libc:stat.obj
 0001:00058351       __cftoe_g                  0045c351 f   libc:cvt.obj
 0001:00058378       __cftof_g                  0045c378 f   libc:cvt.obj
 0001:000583ec       __shift                    0045c3ec f   libc:cvt.obj
 0001:00057be8       _gu_return                 0045bbe8 f   libc:exsup.obj
 0001:00057bf0       __unwind_handler           0045bbf0 f   libc:exsup.obj
 0001:000574a1       _parse_cmdline             0045b4a1 f   libc:stdargv.obj
 0001:0005730c       _xcptlookup                0045b30c f   libc:winxfltr.obj
 0001:000568ca       _strtoxl                   0045a8ca f   libc:strtol.obj
 0001:00055bad       _doexit                    00459bad f   libc:crt0dat.obj
 0001:00055c46       __initterm                 00459c46 f   libc:crt0dat.obj
 0001:00055570       LeadUp1                    00459570 f   libc:memmove.obj
 0001:0005559c       LeadUp2                    0045959c f   libc:memmove.obj
 0001:000555c0       LeadUp3                    004595c0 f   libc:memmove.obj
 0001:0005563f       UnwindUp0                  0045963f f   libc:memmove.obj
 0001:0005562c       UnwindUp1                  0045962c f   libc:memmove.obj
 0001:00055624       UnwindUp2                  00459624 f   libc:memmove.obj
 0001:0005561c       UnwindUp3                  0045961c f   libc:memmove.obj
 0001:00055614       UnwindUp4                  00459614 f   libc:memmove.obj
 0001:0005560c       UnwindUp5                  0045960c f   libc:memmove.obj
 0001:00055604       UnwindUp6                  00459604 f   libc:memmove.obj
 0001:000555fc       UnwindUp7                  004595fc f   libc:memmove.obj
 0001:00055658       TrailUp0                   00459658 f   libc:memmove.obj
 0001:00055660       TrailUp1                   00459660 f   libc:memmove.obj
 0001:0005566c       TrailUp2                   0045966c f   libc:memmove.obj
 0001:00055680       TrailUp3                   00459680 f   libc:memmove.obj
 0001:000556f8       LeadDown1                  004596f8 f   libc:memmove.obj
 0001:00055718       LeadDown2                  00459718 f   libc:memmove.obj
 0001:00055740       LeadDown3                  00459740 f   libc:memmove.obj
 0001:00055794       UnwindDown7                00459794 f   libc:memmove.obj
 0001:0005579c       UnwindDown6                0045979c f   libc:memmove.obj
 0001:000557a4       UnwindDown5                004597a4 f   libc:memmove.obj
 0001:000557ac       UnwindDown4                004597ac f   libc:memmove.obj
 0001:000557b4       UnwindDown3                004597b4 f   libc:memmove.obj
 0001:000557bc       UnwindDown2                004597bc f   libc:memmove.obj
 0001:000557c4       UnwindDown1                004597c4 f   libc:memmove.obj
 0001:000557d7       UnwindDown0                004597d7 f   libc:memmove.obj
 0001:000557f0       TrailDown0                 004597f0 f   libc:memmove.obj
 0001:000557f8       TrailDown1                 004597f8 f   libc:memmove.obj
 0001:00055808       TrailDown2                 00459808 f   libc:memmove.obj
 0001:0005581c       TrailDown3                 0045981c f   libc:memmove.obj
 0001:00054e63       _flsall                    00458e63 f   libc:fflush.obj
 0001:00054c73       __abstract_cw              00458c73 f   libc:ieee87.obj
 0001:00054d05       __hw_cw                    00458d05 f   libc:ieee87.obj
 0001:00054d8e       __abstract_sw              00458d8e f   libc:ieee87.obj
 0001:00054b67       _IsRootUNCName             00458b67 f   libc:stati64.obj
 0001:0005475b       _fast_error_exit           0045875b f   libc:crt0.obj
